Archive member included to satisfy reference by file (symbol)

c:/st/stm32cubeide_1.10.1/stm32cubeide/plugins/com.st.stm32cube.ide.mcu.externaltools.gnu-tools-for-stm32.10.3-2021.10.win32_1.0.0.202111181127/tools/bin/../lib/gcc/arm-none-eabi/10.3.1/../../../../arm-none-eabi/lib/thumb/v7-m/nofp\libc_nano.a(lib_a-errno.o)
                              ./Core/Src/syscalls.o (__errno)
c:/st/stm32cubeide_1.10.1/stm32cubeide/plugins/com.st.stm32cube.ide.mcu.externaltools.gnu-tools-for-stm32.10.3-2021.10.win32_1.0.0.202111181127/tools/bin/../lib/gcc/arm-none-eabi/10.3.1/../../../../arm-none-eabi/lib/thumb/v7-m/nofp\libc_nano.a(lib_a-exit.o)
                              c:/st/stm32cubeide_1.10.1/stm32cubeide/plugins/com.st.stm32cube.ide.mcu.externaltools.gnu-tools-for-stm32.10.3-2021.10.win32_1.0.0.202111181127/tools/bin/../lib/gcc/arm-none-eabi/10.3.1/../../../../arm-none-eabi/lib/thumb/v7-m/nofp/crt0.o (exit)
c:/st/stm32cubeide_1.10.1/stm32cubeide/plugins/com.st.stm32cube.ide.mcu.externaltools.gnu-tools-for-stm32.10.3-2021.10.win32_1.0.0.202111181127/tools/bin/../lib/gcc/arm-none-eabi/10.3.1/../../../../arm-none-eabi/lib/thumb/v7-m/nofp\libc_nano.a(lib_a-impure.o)
                              c:/st/stm32cubeide_1.10.1/stm32cubeide/plugins/com.st.stm32cube.ide.mcu.externaltools.gnu-tools-for-stm32.10.3-2021.10.win32_1.0.0.202111181127/tools/bin/../lib/gcc/arm-none-eabi/10.3.1/../../../../arm-none-eabi/lib/thumb/v7-m/nofp\libc_nano.a(lib_a-exit.o) (_global_impure_ptr)
c:/st/stm32cubeide_1.10.1/stm32cubeide/plugins/com.st.stm32cube.ide.mcu.externaltools.gnu-tools-for-stm32.10.3-2021.10.win32_1.0.0.202111181127/tools/bin/../lib/gcc/arm-none-eabi/10.3.1/../../../../arm-none-eabi/lib/thumb/v7-m/nofp\libc_nano.a(lib_a-init.o)
                              c:/st/stm32cubeide_1.10.1/stm32cubeide/plugins/com.st.stm32cube.ide.mcu.externaltools.gnu-tools-for-stm32.10.3-2021.10.win32_1.0.0.202111181127/tools/bin/../lib/gcc/arm-none-eabi/10.3.1/../../../../arm-none-eabi/lib/thumb/v7-m/nofp/crt0.o (__libc_init_array)
c:/st/stm32cubeide_1.10.1/stm32cubeide/plugins/com.st.stm32cube.ide.mcu.externaltools.gnu-tools-for-stm32.10.3-2021.10.win32_1.0.0.202111181127/tools/bin/../lib/gcc/arm-none-eabi/10.3.1/../../../../arm-none-eabi/lib/thumb/v7-m/nofp\libc_nano.a(lib_a-malloc.o)
                              ./Core/Src/drum.o (malloc)
c:/st/stm32cubeide_1.10.1/stm32cubeide/plugins/com.st.stm32cube.ide.mcu.externaltools.gnu-tools-for-stm32.10.3-2021.10.win32_1.0.0.202111181127/tools/bin/../lib/gcc/arm-none-eabi/10.3.1/../../../../arm-none-eabi/lib/thumb/v7-m/nofp\libc_nano.a(lib_a-memset.o)
                              c:/st/stm32cubeide_1.10.1/stm32cubeide/plugins/com.st.stm32cube.ide.mcu.externaltools.gnu-tools-for-stm32.10.3-2021.10.win32_1.0.0.202111181127/tools/bin/../lib/gcc/arm-none-eabi/10.3.1/../../../../arm-none-eabi/lib/thumb/v7-m/nofp/crt0.o (memset)
c:/st/stm32cubeide_1.10.1/stm32cubeide/plugins/com.st.stm32cube.ide.mcu.externaltools.gnu-tools-for-stm32.10.3-2021.10.win32_1.0.0.202111181127/tools/bin/../lib/gcc/arm-none-eabi/10.3.1/../../../../arm-none-eabi/lib/thumb/v7-m/nofp\libc_nano.a(lib_a-nano-freer.o)
                              c:/st/stm32cubeide_1.10.1/stm32cubeide/plugins/com.st.stm32cube.ide.mcu.externaltools.gnu-tools-for-stm32.10.3-2021.10.win32_1.0.0.202111181127/tools/bin/../lib/gcc/arm-none-eabi/10.3.1/../../../../arm-none-eabi/lib/thumb/v7-m/nofp\libc_nano.a(lib_a-malloc.o) (_free_r)
c:/st/stm32cubeide_1.10.1/stm32cubeide/plugins/com.st.stm32cube.ide.mcu.externaltools.gnu-tools-for-stm32.10.3-2021.10.win32_1.0.0.202111181127/tools/bin/../lib/gcc/arm-none-eabi/10.3.1/../../../../arm-none-eabi/lib/thumb/v7-m/nofp\libc_nano.a(lib_a-nano-mallocr.o)
                              c:/st/stm32cubeide_1.10.1/stm32cubeide/plugins/com.st.stm32cube.ide.mcu.externaltools.gnu-tools-for-stm32.10.3-2021.10.win32_1.0.0.202111181127/tools/bin/../lib/gcc/arm-none-eabi/10.3.1/../../../../arm-none-eabi/lib/thumb/v7-m/nofp\libc_nano.a(lib_a-malloc.o) (_malloc_r)
c:/st/stm32cubeide_1.10.1/stm32cubeide/plugins/com.st.stm32cube.ide.mcu.externaltools.gnu-tools-for-stm32.10.3-2021.10.win32_1.0.0.202111181127/tools/bin/../lib/gcc/arm-none-eabi/10.3.1/../../../../arm-none-eabi/lib/thumb/v7-m/nofp\libc_nano.a(lib_a-nano-vfprintf_float.o)
                              (_printf_float)
c:/st/stm32cubeide_1.10.1/stm32cubeide/plugins/com.st.stm32cube.ide.mcu.externaltools.gnu-tools-for-stm32.10.3-2021.10.win32_1.0.0.202111181127/tools/bin/../lib/gcc/arm-none-eabi/10.3.1/../../../../arm-none-eabi/lib/thumb/v7-m/nofp\libc_nano.a(lib_a-nano-vfprintf_i.o)
                              c:/st/stm32cubeide_1.10.1/stm32cubeide/plugins/com.st.stm32cube.ide.mcu.externaltools.gnu-tools-for-stm32.10.3-2021.10.win32_1.0.0.202111181127/tools/bin/../lib/gcc/arm-none-eabi/10.3.1/../../../../arm-none-eabi/lib/thumb/v7-m/nofp\libc_nano.a(lib_a-nano-vfprintf_float.o) (_printf_common)
[...]
Memory Configuration

Name             Origin             Length             Attributes
RAM              0x0000000020000000 0x0000000000010000 xrw
FLASH            0x0000000008000000 0x0000000000080000 xr
*default*        0x0000000000000000 0xffffffffffffffff

Linker script and memory map

LOAD c:/st/stm32cubeide_1.10.1/stm32cubeide/plugins/com.st.stm32cube.ide.mcu.externaltools.gnu-tools-for-stm32.10.3-2021.10.win32_1.0.0.202111181127/tools/bin/../lib/gcc/arm-none-eabi/10.3.1/thumb/v7-m/nofp/crti.o
LOAD c:/st/stm32cubeide_1.10.1/stm32cubeide/plugins/com.st.stm32cube.ide.mcu.externaltools.gnu-tools-for-stm32.10.3-2021.10.win32_1.0.0.202111181127/tools/bin/../lib/gcc/arm-none-eabi/10.3.1/thumb/v7-m/nofp/crtbegin.o
LOAD c:/st/stm32cubeide_1.10.1/stm32cubeide/plugins/com.st.stm32cube.ide.mcu.externaltools.gnu-tools-for-stm32.10.3-2021.10.win32_1.0.0.202111181127/tools/bin/../lib/gcc/arm-none-eabi/10.3.1/../../../../arm-none-eabi/lib/thumb/v7-m/nofp/crt0.o
LOAD ./Core/Src/audio.o
LOAD ./Core/Src/drum.o
LOAD ./Core/Src/lcd.o
LOAD ./Core/Src/main.o
LOAD ./Core/Src/stm32f1xx_hal_msp.o
LOAD ./Core/Src/stm32f1xx_it.o
LOAD ./Core/Src/syscalls.o
LOAD ./Core/Src/sysmem.o
LOAD ./Core/Src/system_stm32f1xx.o
LOAD ./Core/Src/touch.o
LOAD ./Core/Startup/startup_stm32f103vetx.o
LOAD ./Drivers/STM32F1xx_HAL_Driver/Src/stm32f1xx_hal.o
LOAD ./Drivers/STM32F1xx_HAL_Driver/Src/stm32f1xx_hal_adc.o
LOAD ./Drivers/STM32F1xx_HAL_Driver/Src/stm32f1xx_hal_adc_ex.o
LOAD ./Drivers/STM32F1xx_HAL_Driver/Src/stm32f1xx_hal_cortex.o
LOAD ./Drivers/STM32F1xx_HAL_Driver/Src/stm32f1xx_hal_dac.o
LOAD ./Drivers/STM32F1xx_HAL_Driver/Src/stm32f1xx_hal_dac_ex.o
LOAD ./Drivers/STM32F1xx_HAL_Driver/Src/stm32f1xx_hal_dma.o
LOAD ./Drivers/STM32F1xx_HAL_Driver/Src/stm32f1xx_hal_exti.o
LOAD ./Drivers/STM32F1xx_HAL_Driver/Src/stm32f1xx_hal_flash.o
LOAD ./Drivers/STM32F1xx_HAL_Driver/Src/stm32f1xx_hal_flash_ex.o
LOAD ./Drivers/STM32F1xx_HAL_Driver/Src/stm32f1xx_hal_gpio.o
LOAD ./Drivers/STM32F1xx_HAL_Driver/Src/stm32f1xx_hal_gpio_ex.o
LOAD ./Drivers/STM32F1xx_HAL_Driver/Src/stm32f1xx_hal_i2c.o
LOAD ./Drivers/STM32F1xx_HAL_Driver/Src/stm32f1xx_hal_pcd.o
LOAD ./Drivers/STM32F1xx_HAL_Driver/Src/stm32f1xx_hal_pcd_ex.o
LOAD ./Drivers/STM32F1xx_HAL_Driver/Src/stm32f1xx_hal_pwr.o
LOAD ./Drivers/STM32F1xx_HAL_Driver/Src/stm32f1xx_hal_rcc.o
LOAD ./Drivers/STM32F1xx_HAL_Driver/Src/stm32f1xx_hal_rcc_ex.o
LOAD ./Drivers/STM32F1xx_HAL_Driver/Src/stm32f1xx_hal_sd.o
LOAD ./Drivers/STM32F1xx_HAL_Driver/Src/stm32f1xx_hal_spi.o
LOAD ./Drivers/STM32F1xx_HAL_Driver/Src/stm32f1xx_hal_tim.o
LOAD ./Drivers/STM32F1xx_HAL_Driver/Src/stm32f1xx_hal_tim_ex.o
LOAD ./Drivers/STM32F1xx_HAL_Driver/Src/stm32f1xx_ll_sdmmc.o
LOAD ./Drivers/STM32F1xx_HAL_Driver/Src/stm32f1xx_ll_usb.o
LOAD ./FATFS/App/fatfs.o
LOAD ./FATFS/Target/bsp_driver_sd.o
LOAD ./Middlewares/ST/STM32_USB_Device_Library/Class/HID/Src/usbd_hid.o
LOAD ./Middlewares/ST/STM32_USB_Device_Library/Core/Src/usbd_core.o
LOAD ./Middlewares/ST/STM32_USB_Device_Library/Core/Src/usbd_ctlreq.o
LOAD ./Middlewares/ST/STM32_USB_Device_Library/Core/Src/usbd_ioreq.o
LOAD ./Middlewares/Third_Party/FatFs/src/diskio.o
LOAD ./Middlewares/Third_Party/FatFs/src/ff.o
LOAD ./Middlewares/Third_Party/FatFs/src/ff_gen_drv.o
LOAD ./Middlewares/Third_Party/FatFs/src/drivers/sd_diskio.o
LOAD ./Middlewares/Third_Party/FatFs/src/option/syscall.o
LOAD ./USB_DEVICE/App/usb_device.o
LOAD ./USB_DEVICE/App/usbd_desc.o
LOAD ./USB_DEVICE/Target/usbd_conf.o
START GROUP
LOAD c:/st/stm32cubeide_1.10.1/stm32cubeide/plugins/com.st.stm32cube.ide.mcu.externaltools.gnu-tools-for-stm32.10.3-2021.10.win32_1.0.0.202111181127/tools/bin/../lib/gcc/arm-none-eabi/10.3.1/../../../../arm-none-eabi/lib/thumb/v7-m/nofp\libc_nano.a
LOAD c:/st/stm32cubeide_1.10.1/stm32cubeide/plugins/com.st.stm32cube.ide.mcu.externaltools.gnu-tools-for-stm32.10.3-2021.10.win32_1.0.0.202111181127/tools/bin/../lib/gcc/arm-none-eabi/10.3.1/../../../../arm-none-eabi/lib/thumb/v7-m/nofp\libm.a
END GROUP
START GROUP
LOAD c:/st/stm32cubeide_1.10.1/stm32cubeide/plugins/com.st.stm32cube.ide.mcu.externaltools.gnu-tools-for-stm32.10.3-2021.10.win32_1.0.0.202111181127/tools/bin/../lib/gcc/arm-none-eabi/10.3.1/thumb/v7-m/nofp\libgcc.a
LOAD c:/st/stm32cubeide_1.10.1/stm32cubeide/plugins/com.st.stm32cube.ide.mcu.externaltools.gnu-tools-for-stm32.10.3-2021.10.win32_1.0.0.202111181127/tools/bin/../lib/gcc/arm-none-eabi/10.3.1/../../../../arm-none-eabi/lib/thumb/v7-m/nofp\libc_nano.a
END GROUP
START GROUP
LOAD c:/st/stm32cubeide_1.10.1/stm32cubeide/plugins/com.st.stm32cube.ide.mcu.externaltools.gnu-tools-for-stm32.10.3-2021.10.win32_1.0.0.202111181127/tools/bin/../lib/gcc/arm-none-eabi/10.3.1/thumb/v7-m/nofp\libgcc.a
LOAD c:/st/stm32cubeide_1.10.1/stm32cubeide/plugins/com.st.stm32cube.ide.mcu.externaltools.gnu-tools-for-stm32.10.3-2021.10.win32_1.0.0.202111181127/tools/bin/../lib/gcc/arm-none-eabi/10.3.1/../../../../arm-none-eabi/lib/thumb/v7-m/nofp\libc_nano.a
LOAD c:/st/stm32cubeide_1.10.1/stm32cubeide/plugins/com.st.stm32cube.ide.mcu.externaltools.gnu-tools-for-stm32.10.3-2021.10.win32_1.0.0.202111181127/tools/bin/../lib/gcc/arm-none-eabi/10.3.1/../../../../arm-none-eabi/lib/thumb/v7-m/nofp\libnosys.a
END GROUP
START GROUP
LOAD c:/st/stm32cubeide_1.10.1/stm32cubeide/plugins/com.st.stm32cube.ide.mcu.externaltools.gnu-tools-for-stm32.10.3-2021.10.win32_1.0.0.202111181127/tools/bin/../lib/gcc/arm-none-eabi/10.3.1/thumb/v7-m/nofp\libgcc.a
LOAD c:/st/stm32cubeide_1.10.1/stm32cubeide/plugins/com.st.stm32cube.ide.mcu.externaltools.gnu-tools-for-stm32.10.3-2021.10.win32_1.0.0.202111181127/tools/bin/../lib/gcc/arm-none-eabi/10.3.1/../../../../arm-none-eabi/lib/thumb/v7-m/nofp\libc_nano.a
LOAD c:/st/stm32cubeide_1.10.1/stm32cubeide/plugins/com.st.stm32cube.ide.mcu.externaltools.gnu-tools-for-stm32.10.3-2021.10.win32_1.0.0.202111181127/tools/bin/../lib/gcc/arm-none-eabi/10.3.1/../../../../arm-none-eabi/lib/thumb/v7-m/nofp\libnosys.a
END GROUP
LOAD c:/st/stm32cubeide_1.10.1/stm32cubeide/plugins/com.st.stm32cube.ide.mcu.externaltools.gnu-tools-for-stm32.10.3-2021.10.win32_1.0.0.202111181127/tools/bin/../lib/gcc/arm-none-eabi/10.3.1/thumb/v7-m/nofp/crtend.o
LOAD c:/st/stm32cubeide_1.10.1/stm32cubeide/plugins/com.st.stm32cube.ide.mcu.externaltools.gnu-tools-for-stm32.10.3-2021.10.win32_1.0.0.202111181127/tools/bin/../lib/gcc/arm-none-eabi/10.3.1/thumb/v7-m/nofp/crtn.o
                0x0000000020010000                _estack = (ORIGIN (RAM) + LENGTH (RAM))
                0x0000000000000200                _Min_Heap_Size = 0x200
                0x0000000000000400                _Min_Stack_Size = 0x400

.isr_vector     0x0000000008000000      0x1e4
                0x0000000008000000                . = ALIGN (0x4)
 *(.isr_vector)
 .isr_vector    0x0000000008000000      0x1e4 ./Core/Startup/startup_stm32f103vetx.o
                0x0000000008000000                g_pfnVectors
                0x00000000080001e4                . = ALIGN (0x4)

.text           0x00000000080001e8    0x1380c
                0x00000000080001e8                . = ALIGN (0x4)
 *(.text)
 .text          0x00000000080001e8       0x40 c:/st/stm32cubeide_1.10.1/stm32cubeide/plugins/com.st.stm32cube.ide.mcu.externaltools.gnu-tools-for-stm32.10.3-2021.10.win32_1.0.0.202111181127/tools/bin/../lib/gcc/arm-none-eabi/10.3.1/thumb/v7-m/nofp/crtbegin.o
 .text          0x0000000008000228       0x10 c:/st/stm32cubeide_1.10.1/stm32cubeide/plugins/com.st.stm32cube.ide.mcu.externaltools.gnu-tools-for-stm32.10.3-2021.10.win32_1.0.0.202111181127/tools/bin/../lib/gcc/arm-none-eabi/10.3.1/../../../../arm-none-eabi/lib/thumb/v7-m/nofp\libc_nano.a(lib_a-strlen.o)
                0x0000000008000228                strlen
 .text          0x0000000008000238      0x378 c:/st/stm32cubeide_1.10.1/stm32cubeide/plugins/com.st.stm32cube.ide.mcu.externaltools.gnu-tools-for-stm32.10.3-2021.10.win32_1.0.0.202111181127/tools/bin/../lib/gcc/arm-none-eabi/10.3.1/thumb/v7-m/nofp\libgcc.a(_arm_addsubdf3.o)
                0x0000000008000238                __aeabi_drsub
                0x0000000008000240                __aeabi_dsub
                0x0000000008000240                __subdf3
                0x0000000008000244                __aeabi_dadd
                0x0000000008000244                __adddf3
                0x00000000080004bc                __floatunsidf
                0x00000000080004bc                __aeabi_ui2d
                0x00000000080004dc                __floatsidf
                0x00000000080004dc                __aeabi_i2d
                0x0000000008000500                __aeabi_f2d
                0x0000000008000500                __extendsfdf2
                0x0000000008000544                __floatundidf
                0x0000000008000544                __aeabi_ul2d
                0x0000000008000554                __floatdidf
                0x0000000008000554                __aeabi_l2d
 .text          0x00000000080005b0      0x424 c:/st/stm32cubeide_1.10.1/stm32cubeide/plugins/com.st.stm32cube.ide.mcu.externaltools.gnu-tools-for-stm32.10.3-2021.10.win32_1.0.0.202111181127/tools/bin/../lib/gcc/arm-none-eabi/10.3.1/thumb/v7-m/nofp\libgcc.a(_arm_muldivdf3.o)
                0x00000000080005b0                __aeabi_dmul
                0x00000000080005b0                __muldf3
                0x0000000008000804                __divdf3
                0x0000000008000804                __aeabi_ddiv
 .text          0x00000000080009d4      0x110 c:/st/stm32cubeide_1.10.1/stm32cubeide/plugins/com.st.stm32cube.ide.mcu.externaltools.gnu-tools-for-stm32.10.3-2021.10.win32_1.0.0.202111181127/tools/bin/../lib/gcc/arm-none-eabi/10.3.1/thumb/v7-m/nofp\libgcc.a(_arm_cmpdf2.o)
                0x00000000080009d4                __gtdf2
                0x00000000080009d4                __gedf2
                0x00000000080009dc                __ltdf2
                0x00000000080009dc                __ledf2
                0x00000000080009e4                __nedf2
                0x00000000080009e4                __eqdf2
                0x00000000080009e4                __cmpdf2
                0x0000000008000a60                __aeabi_cdrcmple
                0x0000000008000a70                __aeabi_cdcmpeq
                0x0000000008000a70                __aeabi_cdcmple
                0x0000000008000a80                __aeabi_dcmpeq
                0x0000000008000a94                __aeabi_dcmplt
                0x0000000008000aa8                __aeabi_dcmple
                0x0000000008000abc                __aeabi_dcmpge
                0x0000000008000ad0                __aeabi_dcmpgt
 .text          0x0000000008000ae4       0x2c c:/st/stm32cubeide_1.10.1/stm32cubeide/plugins/com.st.stm32cube.ide.mcu.externaltools.gnu-tools-for-stm32.10.3-2021.10.win32_1.0.0.202111181127/tools/bin/../lib/gcc/arm-none-eabi/10.3.1/thumb/v7-m/nofp\libgcc.a(_arm_unorddf2.o)
                0x0000000008000ae4                __unorddf2
                0x0000000008000ae4                __aeabi_dcmpun
 .text          0x0000000008000b10       0x50 c:/st/stm32cubeide_1.10.1/stm32cubeide/plugins/com.st.stm32cube.ide.mcu.externaltools.gnu-tools-for-stm32.10.3-2021.10.win32_1.0.0.202111181127/tools/bin/../lib/gcc/arm-none-eabi/10.3.1/thumb/v7-m/nofp\libgcc.a(_arm_fixdfsi.o)
                0x0000000008000b10                __aeabi_d2iz
                0x0000000008000b10                __fixdfsi
 .text          0x0000000008000b60       0x40 c:/st/stm32cubeide_1.10.1/stm32cubeide/plugins/com.st.stm32cube.ide.mcu.externaltools.gnu-tools-for-stm32.10.3-2021.10.win32_1.0.0.202111181127/tools/bin/../lib/gcc/arm-none-eabi/10.3.1/thumb/v7-m/nofp\libgcc.a(_arm_fixunsdfsi.o)
                0x0000000008000b60                __aeabi_d2uiz
                0x0000000008000b60                __fixunsdfsi
 .text          0x0000000008000ba0      0x21c c:/st/stm32cubeide_1.10.1/stm32cubeide/plugins/com.st.stm32cube.ide.mcu.externaltools.gnu-tools-for-stm32.10.3-2021.10.win32_1.0.0.202111181127/tools/bin/../lib/gcc/arm-none-eabi/10.3.1/thumb/v7-m/nofp\libgcc.a(_arm_addsubsf3.o)
                0x0000000008000ba0                __aeabi_frsub
                0x0000000008000ba8                __subsf3
                0x0000000008000ba8                __aeabi_fsub
                0x0000000008000bac                __aeabi_fadd
                0x0000000008000bac                __addsf3
                0x0000000008000d0c                __aeabi_ui2f
                0x0000000008000d0c                __floatunsisf
                0x0000000008000d14                __aeabi_i2f
                0x0000000008000d14                __floatsisf
                0x0000000008000d30                __aeabi_ul2f
                0x0000000008000d30                __floatundisf
                0x0000000008000d40                __aeabi_l2f
                0x0000000008000d40                __floatdisf
 .text          0x0000000008000dbc      0x2a0 c:/st/stm32cubeide_1.10.1/stm32cubeide/plugins/com.st.stm32cube.ide.mcu.externaltools.gnu-tools-for-stm32.10.3-2021.10.win32_1.0.0.202111181127/tools/bin/../lib/gcc/arm-none-eabi/10.3.1/thumb/v7-m/nofp\libgcc.a(_arm_muldivsf3.o)
                0x0000000008000dbc                __mulsf3
                0x0000000008000dbc                __aeabi_fmul
                0x0000000008000f24                __aeabi_fdiv
                0x0000000008000f24                __divsf3
 *(.text*)
 .text.DrumInit
                0x000000000800105c       0xa4 ./Core/Src/drum.o
                0x000000000800105c                DrumInit
 .text.DrumCalibrate
                0x0000000008001100      0x2e0 ./Core/Src/drum.o
                0x0000000008001100                DrumCalibrate
 .text.ILI9341_Send_Command
                0x00000000080013e0       0x38 ./Core/Src/lcd.o
 .text.ILI9341_Send_Data
                0x0000000008001418       0x38 ./Core/Src/lcd.o
 .text.ILI9341_Init
                0x0000000008001450      0x208 ./Core/Src/lcd.o
                0x0000000008001450                ILI9341_Init
 .text.ILI9341_SPI_Init
                0x0000000008001658       0x6c ./Core/Src/lcd.o
 .text.ILI9341_SPI_Send
                0x00000000080016c4       0x24 ./Core/Src/lcd.o
                0x00000000080016c4                ILI9341_SPI_Send
 .text.ILI9341_SPI_Send_Multiple
                0x00000000080016e8       0x24 ./Core/Src/lcd.o
                0x00000000080016e8                ILI9341_SPI_Send_Multiple
 .text.ILI9341_Reset
                0x000000000800170c       0x50 ./Core/Src/lcd.o
                0x000000000800170c                ILI9341_Reset
 .text.ILI9341_Set_Rotation
                0x000000000800175c       0x94 ./Core/Src/lcd.o
                0x000000000800175c                ILI9341_Set_Rotation
 .text.ILI9341_SPI_Send_32
                0x00000000080017f0       0x74 ./Core/Src/lcd.o
                0x00000000080017f0                ILI9341_SPI_Send_32
 .text.ILI9341_Set_Address
                0x0000000008001864       0x4a ./Core/Src/lcd.o
                0x0000000008001864                ILI9341_Set_Address
 .text.LCD_OpenWindow
                0x00000000080018ae       0x42 ./Core/Src/lcd.o
                0x00000000080018ae                LCD_OpenWindow
 .text.LCD_FillWindow
                0x00000000080018f0       0xd0 ./Core/Src/lcd.o
                0x00000000080018f0                LCD_FillWindow
 .text.LCD_DrawFilledRectangle
                0x00000000080019c0       0x46 ./Core/Src/lcd.o
                0x00000000080019c0                LCD_DrawFilledRectangle
 *fill*         0x0000000008001a06        0x2 
 .text.LCD_FillScreen
                0x0000000008001a08       0x34 ./Core/Src/lcd.o
                0x0000000008001a08                LCD_FillScreen
 .text.LCD_DrawChar
                0x0000000008001a3c       0xc0 ./Core/Src/lcd.o
                0x0000000008001a3c                LCD_DrawChar
 .text.LCD_DrawString
                0x0000000008001afc       0x60 ./Core/Src/lcd.o
                0x0000000008001afc                LCD_DrawString
 .text.LCD_Print
                0x0000000008001b5c       0x54 ./Core/Src/lcd.o
                0x0000000008001b5c                LCD_Print
 .text.HAL_TIM_PeriodElapsedCallback
                0x0000000008001bb0       0x48 ./Core/Src/main.o
                0x0000000008001bb0                HAL_TIM_PeriodElapsedCallback
 .text.AddDrum  0x0000000008001bf8       0x40 ./Core/Src/main.o
                0x0000000008001bf8                AddDrum
 .text.AddTrack
                0x0000000008001c38       0x44 ./Core/Src/main.o
                0x0000000008001c38                AddTrack
 .text.main     0x0000000008001c7c      0x488 ./Core/Src/main.o
                0x0000000008001c7c                main
 .text.SystemClock_Config
                0x0000000008002104       0xbe ./Core/Src/main.o
                0x0000000008002104                SystemClock_Config
 *fill*         0x00000000080021c2        0x2 
 .text.MX_ADC1_Init
                0x00000000080021c4       0xd4 ./Core/Src/main.o
 .text.MX_DAC_Init
                0x0000000008002298       0x68 ./Core/Src/main.o
 .text.MX_I2C1_Init
                0x0000000008002300       0x5c ./Core/Src/main.o
 .text.MX_SDIO_SD_Init
                0x000000000800235c       0x40 ./Core/Src/main.o
 .text.MX_SPI2_Init
                0x000000000800239c       0x6c ./Core/Src/main.o
 .text.MX_TIM2_Init
                0x0000000008002408       0x98 ./Core/Src/main.o
 .text.MX_TIM3_Init
                0x00000000080024a0       0x9c ./Core/Src/main.o
 .text.MX_TIM4_Init
                0x000000000800253c       0x9c ./Core/Src/main.o
 .text.MX_DMA_Init
                0x00000000080025d8       0x74 ./Core/Src/main.o
 .text.MX_GPIO_Init
                0x000000000800264c      0x140 ./Core/Src/main.o
 .text.Error_Handler
                0x000000000800278c        0xa ./Core/Src/main.o
                0x000000000800278c                Error_Handler
 *fill*         0x0000000008002796        0x2 
 .text.HAL_MspInit
                0x0000000008002798       0x44 ./Core/Src/stm32f1xx_hal_msp.o
                0x0000000008002798                HAL_MspInit
 .text.HAL_ADC_MspInit
                0x00000000080027dc       0xd0 ./Core/Src/stm32f1xx_hal_msp.o
                0x00000000080027dc                HAL_ADC_MspInit
 .text.HAL_DAC_MspInit
                0x00000000080028ac      0x128 ./Core/Src/stm32f1xx_hal_msp.o
                0x00000000080028ac                HAL_DAC_MspInit
 .text.HAL_I2C_MspInit
                0x00000000080029d4       0x7c ./Core/Src/stm32f1xx_hal_msp.o
                0x00000000080029d4                HAL_I2C_MspInit
 .text.HAL_SD_MspInit
                0x0000000008002a50       0xb4 ./Core/Src/stm32f1xx_hal_msp.o
                0x0000000008002a50                HAL_SD_MspInit
 .text.HAL_SPI_MspInit
                0x0000000008002b04       0x98 ./Core/Src/stm32f1xx_hal_msp.o
                0x0000000008002b04                HAL_SPI_MspInit
 .text.HAL_TIM_Base_MspInit
                0x0000000008002b9c       0xb8 ./Core/Src/stm32f1xx_hal_msp.o
                0x0000000008002b9c                HAL_TIM_Base_MspInit
 .text.NMI_Handler
                0x0000000008002c54        0x6 ./Core/Src/stm32f1xx_it.o
                0x0000000008002c54                NMI_Handler
 .text.HardFault_Handler
                0x0000000008002c5a        0x6 ./Core/Src/stm32f1xx_it.o
                0x0000000008002c5a                HardFault_Handler
 .text.MemManage_Handler
                0x0000000008002c60        0x6 ./Core/Src/stm32f1xx_it.o
                0x0000000008002c60                MemManage_Handler
 .text.BusFault_Handler
                0x0000000008002c66        0x6 ./Core/Src/stm32f1xx_it.o
                0x0000000008002c66                BusFault_Handler
 .text.UsageFault_Handler
                0x0000000008002c6c        0x6 ./Core/Src/stm32f1xx_it.o
                0x0000000008002c6c                UsageFault_Handler
 .text.SVC_Handler
                0x0000000008002c72        0xc ./Core/Src/stm32f1xx_it.o
                0x0000000008002c72                SVC_Handler
 .text.DebugMon_Handler
                0x0000000008002c7e        0xc ./Core/Src/stm32f1xx_it.o
                0x0000000008002c7e                DebugMon_Handler
 .text.PendSV_Handler
                0x0000000008002c8a        0xc ./Core/Src/stm32f1xx_it.o
                0x0000000008002c8a                PendSV_Handler
 .text.SysTick_Handler
                0x0000000008002c96        0xc ./Core/Src/stm32f1xx_it.o
                0x0000000008002c96                SysTick_Handler
 *fill*         0x0000000008002ca2        0x2 
 .text.DMA1_Channel1_IRQHandler
                0x0000000008002ca4       0x14 ./Core/Src/stm32f1xx_it.o
                0x0000000008002ca4                DMA1_Channel1_IRQHandler
 .text.USB_LP_CAN1_RX0_IRQHandler
                0x0000000008002cb8       0x14 ./Core/Src/stm32f1xx_it.o
                0x0000000008002cb8                USB_LP_CAN1_RX0_IRQHandler
 .text.TIM2_IRQHandler
                0x0000000008002ccc       0x14 ./Core/Src/stm32f1xx_it.o
                0x0000000008002ccc                TIM2_IRQHandler
 .text.TIM3_IRQHandler
                0x0000000008002ce0       0x14 ./Core/Src/stm32f1xx_it.o
                0x0000000008002ce0                TIM3_IRQHandler
 .text.TIM4_IRQHandler
                0x0000000008002cf4       0x14 ./Core/Src/stm32f1xx_it.o
                0x0000000008002cf4                TIM4_IRQHandler
 .text.DMA2_Channel3_IRQHandler
                0x0000000008002d08       0x14 ./Core/Src/stm32f1xx_it.o
                0x0000000008002d08                DMA2_Channel3_IRQHandler
 .text.DMA2_Channel4_5_IRQHandler
                0x0000000008002d1c       0x14 ./Core/Src/stm32f1xx_it.o
                0x0000000008002d1c                DMA2_Channel4_5_IRQHandler
 .text._getpid  0x0000000008002d30        0xe ./Core/Src/syscalls.o
                0x0000000008002d30                _getpid
 .text._kill    0x0000000008002d3e       0x20 ./Core/Src/syscalls.o
                0x0000000008002d3e                _kill
 .text._exit    0x0000000008002d5e       0x14 ./Core/Src/syscalls.o
                0x0000000008002d5e                _exit
 .text._read    0x0000000008002d72       0x3a ./Core/Src/syscalls.o
                0x0000000008002d72                _read
 .text._write   0x0000000008002dac       0x38 ./Core/Src/syscalls.o
                0x0000000008002dac                _write
 .text._close   0x0000000008002de4       0x16 ./Core/Src/syscalls.o
                0x0000000008002de4                _close
 .text._fstat   0x0000000008002dfa       0x1e ./Core/Src/syscalls.o
                0x0000000008002dfa                _fstat
 .text._isatty  0x0000000008002e18       0x14 ./Core/Src/syscalls.o
                0x0000000008002e18                _isatty
 .text._lseek   0x0000000008002e2c       0x18 ./Core/Src/syscalls.o
                0x0000000008002e2c                _lseek
 .text._sbrk    0x0000000008002e44       0x6c ./Core/Src/sysmem.o
                0x0000000008002e44                _sbrk
 .text.SystemInit
                0x0000000008002eb0        0xc ./Core/Src/system_stm32f1xx.o
                0x0000000008002eb0                SystemInit
 .text.Reset_Handler
                0x0000000008002ebc       0x48 ./Core/Startup/startup_stm32f103vetx.o
                0x0000000008002ebc                Reset_Handler
 .text.Default_Handler
                0x0000000008002f04        0x2 ./Core/Startup/startup_stm32f103vetx.o
                0x0000000008002f04                RTC_Alarm_IRQHandler
                0x0000000008002f04                EXTI2_IRQHandler
                0x0000000008002f04                TIM8_TRG_COM_IRQHandler
                0x0000000008002f04                TIM8_CC_IRQHandler
                0x0000000008002f04                TIM1_CC_IRQHandler
                0x0000000008002f04                TIM6_IRQHandler
                0x0000000008002f04                PVD_IRQHandler
                0x0000000008002f04                SDIO_IRQHandler
                0x0000000008002f04                EXTI3_IRQHandler
                0x0000000008002f04                EXTI0_IRQHandler
                0x0000000008002f04                I2C2_EV_IRQHandler
                0x0000000008002f04                ADC1_2_IRQHandler
                0x0000000008002f04                SPI1_IRQHandler
                0x0000000008002f04                TAMPER_IRQHandler
                0x0000000008002f04                TIM8_UP_IRQHandler
                0x0000000008002f04                DMA2_Channel2_IRQHandler
                0x0000000008002f04                DMA1_Channel4_IRQHandler
                0x0000000008002f04                USART3_IRQHandler
                0x0000000008002f04                RTC_IRQHandler
                0x0000000008002f04                DMA1_Channel7_IRQHandler
                0x0000000008002f04                CAN1_RX1_IRQHandler
                0x0000000008002f04                UART5_IRQHandler
                0x0000000008002f04                ADC3_IRQHandler
                0x0000000008002f04                DMA2_Channel1_IRQHandler
                0x0000000008002f04                I2C1_EV_IRQHandler
                0x0000000008002f04                DMA1_Channel6_IRQHandler
                0x0000000008002f04                UART4_IRQHandler
                0x0000000008002f04                RCC_IRQHandler
                0x0000000008002f04                TIM1_TRG_COM_IRQHandler
                0x0000000008002f04                Default_Handler
                0x0000000008002f04                EXTI15_10_IRQHandler
                0x0000000008002f04                TIM7_IRQHandler
                0x0000000008002f04                TIM5_IRQHandler
                0x0000000008002f04                EXTI9_5_IRQHandler
                0x0000000008002f04                SPI2_IRQHandler
                0x0000000008002f04                DMA1_Channel5_IRQHandler
                0x0000000008002f04                EXTI4_IRQHandler
                0x0000000008002f04                USB_HP_CAN1_TX_IRQHandler
                0x0000000008002f04                DMA1_Channel3_IRQHandler
                0x0000000008002f04                FSMC_IRQHandler
                0x0000000008002f04                TIM1_UP_IRQHandler
                0x0000000008002f04                WWDG_IRQHandler
                0x0000000008002f04                TIM1_BRK_IRQHandler
                0x0000000008002f04                EXTI1_IRQHandler
                0x0000000008002f04                USART2_IRQHandler
                0x0000000008002f04                I2C2_ER_IRQHandler
                0x0000000008002f04                DMA1_Channel2_IRQHandler
                0x0000000008002f04                TIM8_BRK_IRQHandler
                0x0000000008002f04                CAN1_SCE_IRQHandler
                0x0000000008002f04                FLASH_IRQHandler
                0x0000000008002f04                USART1_IRQHandler
                0x0000000008002f04                SPI3_IRQHandler
                0x0000000008002f04                I2C1_ER_IRQHandler
                0x0000000008002f04                USBWakeUp_IRQHandler
 *fill*         0x0000000008002f06        0x2 
 .text.HAL_Init
                0x0000000008002f08       0x2c ./Drivers/STM32F1xx_HAL_Driver/Src/stm32f1xx_hal.o
                0x0000000008002f08                HAL_Init
 .text.HAL_InitTick
                0x0000000008002f34       0x60 ./Drivers/STM32F1xx_HAL_Driver/Src/stm32f1xx_hal.o
                0x0000000008002f34                HAL_InitTick
 .text.HAL_IncTick
                0x0000000008002f94       0x24 ./Drivers/STM32F1xx_HAL_Driver/Src/stm32f1xx_hal.o
                0x0000000008002f94                HAL_IncTick
 .text.HAL_GetTick
                0x0000000008002fb8       0x14 ./Drivers/STM32F1xx_HAL_Driver/Src/stm32f1xx_hal.o
                0x0000000008002fb8                HAL_GetTick
 .text.HAL_Delay
                0x0000000008002fcc       0x48 ./Drivers/STM32F1xx_HAL_Driver/Src/stm32f1xx_hal.o
                0x0000000008002fcc                HAL_Delay
 .text.HAL_ADC_Init
                0x0000000008003014      0x1d4 ./Drivers/STM32F1xx_HAL_Driver/Src/stm32f1xx_hal_adc.o
                0x0000000008003014                HAL_ADC_Init
 .text.HAL_ADC_Start_DMA
                0x00000000080031e8      0x1bc ./Drivers/STM32F1xx_HAL_Driver/Src/stm32f1xx_hal_adc.o
                0x00000000080031e8                HAL_ADC_Start_DMA
 .text.HAL_ADC_ConvCpltCallback
                0x00000000080033a4       0x12 ./Drivers/STM32F1xx_HAL_Driver/Src/stm32f1xx_hal_adc.o
                0x00000000080033a4                HAL_ADC_ConvCpltCallback
 .text.HAL_ADC_ConvHalfCpltCallback
                0x00000000080033b6       0x12 ./Drivers/STM32F1xx_HAL_Driver/Src/stm32f1xx_hal_adc.o
                0x00000000080033b6                HAL_ADC_ConvHalfCpltCallback
 .text.HAL_ADC_ErrorCallback
                0x00000000080033c8       0x12 ./Drivers/STM32F1xx_HAL_Driver/Src/stm32f1xx_hal_adc.o
                0x00000000080033c8                HAL_ADC_ErrorCallback
 *fill*         0x00000000080033da        0x2 
 .text.HAL_ADC_ConfigChannel
                0x00000000080033dc      0x1f0 ./Drivers/STM32F1xx_HAL_Driver/Src/stm32f1xx_hal_adc.o
                0x00000000080033dc                HAL_ADC_ConfigChannel
 .text.ADC_Enable
                0x00000000080035cc       0xb4 ./Drivers/STM32F1xx_HAL_Driver/Src/stm32f1xx_hal_adc.o
                0x00000000080035cc                ADC_Enable
 .text.ADC_ConversionStop_Disable
                0x0000000008003680       0x82 ./Drivers/STM32F1xx_HAL_Driver/Src/stm32f1xx_hal_adc.o
                0x0000000008003680                ADC_ConversionStop_Disable
 .text.ADC_DMAConvCplt
                0x0000000008003702       0x7c ./Drivers/STM32F1xx_HAL_Driver/Src/stm32f1xx_hal_adc.o
                0x0000000008003702                ADC_DMAConvCplt
 .text.ADC_DMAHalfConvCplt
                0x000000000800377e       0x1c ./Drivers/STM32F1xx_HAL_Driver/Src/stm32f1xx_hal_adc.o
                0x000000000800377e                ADC_DMAHalfConvCplt
 .text.ADC_DMAError
                0x000000000800379a       0x34 ./Drivers/STM32F1xx_HAL_Driver/Src/stm32f1xx_hal_adc.o
                0x000000000800379a                ADC_DMAError
 *fill*         0x00000000080037ce        0x2 
 .text.__NVIC_SetPriorityGrouping
                0x00000000080037d0       0x48 ./Drivers/STM32F1xx_HAL_Driver/Src/stm32f1xx_hal_cortex.o
 .text.__NVIC_GetPriorityGrouping
                0x0000000008003818       0x1c ./Drivers/STM32F1xx_HAL_Driver/Src/stm32f1xx_hal_cortex.o
 .text.__NVIC_EnableIRQ
                0x0000000008003834       0x38 ./Drivers/STM32F1xx_HAL_Driver/Src/stm32f1xx_hal_cortex.o
 .text.__NVIC_SetPriority
                0x000000000800386c       0x54 ./Drivers/STM32F1xx_HAL_Driver/Src/stm32f1xx_hal_cortex.o
 .text.NVIC_EncodePriority
                0x00000000080038c0       0x64 ./Drivers/STM32F1xx_HAL_Driver/Src/stm32f1xx_hal_cortex.o
 .text.SysTick_Config
                0x0000000008003924       0x44 ./Drivers/STM32F1xx_HAL_Driver/Src/stm32f1xx_hal_cortex.o
 .text.HAL_NVIC_SetPriorityGrouping
                0x0000000008003968       0x16 ./Drivers/STM32F1xx_HAL_Driver/Src/stm32f1xx_hal_cortex.o
                0x0000000008003968                HAL_NVIC_SetPriorityGrouping
 .text.HAL_NVIC_SetPriority
                0x000000000800397e       0x38 ./Drivers/STM32F1xx_HAL_Driver/Src/stm32f1xx_hal_cortex.o
                0x000000000800397e                HAL_NVIC_SetPriority
 .text.HAL_NVIC_EnableIRQ
                0x00000000080039b6       0x1c ./Drivers/STM32F1xx_HAL_Driver/Src/stm32f1xx_hal_cortex.o
                0x00000000080039b6                HAL_NVIC_EnableIRQ
 .text.HAL_SYSTICK_Config
                0x00000000080039d2       0x18 ./Drivers/STM32F1xx_HAL_Driver/Src/stm32f1xx_hal_cortex.o
                0x00000000080039d2                HAL_SYSTICK_Config
 .text.HAL_DAC_Init
                0x00000000080039ea       0x44 ./Drivers/STM32F1xx_HAL_Driver/Src/stm32f1xx_hal_dac.o
                0x00000000080039ea                HAL_DAC_Init
 .text.HAL_DAC_ConfigChannel
                0x0000000008003a2e       0xb0 ./Drivers/STM32F1xx_HAL_Driver/Src/stm32f1xx_hal_dac.o
                0x0000000008003a2e                HAL_DAC_ConfigChannel
 *fill*         0x0000000008003ade        0x2 
 .text.HAL_DMA_Init
                0x0000000008003ae0       0xec ./Drivers/STM32F1xx_HAL_Driver/Src/stm32f1xx_hal_dma.o
                0x0000000008003ae0                HAL_DMA_Init
 .text.HAL_DMA_Start_IT
                0x0000000008003bcc       0xc0 ./Drivers/STM32F1xx_HAL_Driver/Src/stm32f1xx_hal_dma.o
                0x0000000008003bcc                HAL_DMA_Start_IT
 .text.HAL_DMA_IRQHandler
                0x0000000008003c8c      0x478 ./Drivers/STM32F1xx_HAL_Driver/Src/stm32f1xx_hal_dma.o
                0x0000000008003c8c                HAL_DMA_IRQHandler
 .text.DMA_SetConfig
                0x0000000008004104       0x5a ./Drivers/STM32F1xx_HAL_Driver/Src/stm32f1xx_hal_dma.o
 *fill*         0x000000000800415e        0x2 
 .text.HAL_GPIO_Init
                0x0000000008004160      0x328 ./Drivers/STM32F1xx_HAL_Driver/Src/stm32f1xx_hal_gpio.o
                0x0000000008004160                HAL_GPIO_Init
 .text.HAL_GPIO_WritePin
                0x0000000008004488       0x30 ./Drivers/STM32F1xx_HAL_Driver/Src/stm32f1xx_hal_gpio.o
                0x0000000008004488                HAL_GPIO_WritePin
 .text.HAL_I2C_Init
                0x00000000080044b8      0x288 ./Drivers/STM32F1xx_HAL_Driver/Src/stm32f1xx_hal_i2c.o
                0x00000000080044b8                HAL_I2C_Init
 .text.HAL_PCD_Init
                0x0000000008004740      0x1fe ./Drivers/STM32F1xx_HAL_Driver/Src/stm32f1xx_hal_pcd.o
                0x0000000008004740                HAL_PCD_Init
 .text.HAL_PCD_Start
                0x000000000800493e       0x4c ./Drivers/STM32F1xx_HAL_Driver/Src/stm32f1xx_hal_pcd.o
                0x000000000800493e                HAL_PCD_Start
 .text.HAL_PCD_IRQHandler
                0x000000000800498a      0x260 ./Drivers/STM32F1xx_HAL_Driver/Src/stm32f1xx_hal_pcd.o
                0x000000000800498a                HAL_PCD_IRQHandler
 .text.HAL_PCD_SetAddress
                0x0000000008004bea       0x4a ./Drivers/STM32F1xx_HAL_Driver/Src/stm32f1xx_hal_pcd.o
                0x0000000008004bea                HAL_PCD_SetAddress
 .text.HAL_PCD_EP_Open
                0x0000000008004c34       0xba ./Drivers/STM32F1xx_HAL_Driver/Src/stm32f1xx_hal_pcd.o
                0x0000000008004c34                HAL_PCD_EP_Open
 .text.HAL_PCD_EP_Close
                0x0000000008004cee       0x90 ./Drivers/STM32F1xx_HAL_Driver/Src/stm32f1xx_hal_pcd.o
                0x0000000008004cee                HAL_PCD_EP_Close
 .text.HAL_PCD_EP_Receive
                0x0000000008004d7e       0x62 ./Drivers/STM32F1xx_HAL_Driver/Src/stm32f1xx_hal_pcd.o
                0x0000000008004d7e                HAL_PCD_EP_Receive
 .text.HAL_PCD_EP_Transmit
                0x0000000008004de0       0x6e ./Drivers/STM32F1xx_HAL_Driver/Src/stm32f1xx_hal_pcd.o
                0x0000000008004de0                HAL_PCD_EP_Transmit
 .text.HAL_PCD_EP_SetStall
                0x0000000008004e4e       0xc0 ./Drivers/STM32F1xx_HAL_Driver/Src/stm32f1xx_hal_pcd.o
                0x0000000008004e4e                HAL_PCD_EP_SetStall
 .text.HAL_PCD_EP_ClrStall
                0x0000000008004f0e       0xa8 ./Drivers/STM32F1xx_HAL_Driver/Src/stm32f1xx_hal_pcd.o
                0x0000000008004f0e                HAL_PCD_EP_ClrStall
 .text.PCD_EP_ISR_Handler
                0x0000000008004fb6      0x7a6 ./Drivers/STM32F1xx_HAL_Driver/Src/stm32f1xx_hal_pcd.o
 .text.HAL_PCD_EP_DB_Receive
                0x000000000800575c      0x21a ./Drivers/STM32F1xx_HAL_Driver/Src/stm32f1xx_hal_pcd.o
 .text.HAL_PCD_EP_DB_Transmit
                0x0000000008005976      0x7f4 ./Drivers/STM32F1xx_HAL_Driver/Src/stm32f1xx_hal_pcd.o
 .text.HAL_PCDEx_PMAConfig
                0x000000000800616a       0x84 ./Drivers/STM32F1xx_HAL_Driver/Src/stm32f1xx_hal_pcd_ex.o
                0x000000000800616a                HAL_PCDEx_PMAConfig
 *fill*         0x00000000080061ee        0x2 
 .text.HAL_RCC_OscConfig
                0x00000000080061f0      0x504 ./Drivers/STM32F1xx_HAL_Driver/Src/stm32f1xx_hal_rcc.o
                0x00000000080061f0                HAL_RCC_OscConfig
 .text.HAL_RCC_ClockConfig
                0x00000000080066f4      0x1d4 ./Drivers/STM32F1xx_HAL_Driver/Src/stm32f1xx_hal_rcc.o
                0x00000000080066f4                HAL_RCC_ClockConfig
 .text.HAL_RCC_GetSysClockFreq
                0x00000000080068c8       0xa8 ./Drivers/STM32F1xx_HAL_Driver/Src/stm32f1xx_hal_rcc.o
                0x00000000080068c8                HAL_RCC_GetSysClockFreq
 .text.HAL_RCC_GetHCLKFreq
                0x0000000008006970       0x14 ./Drivers/STM32F1xx_HAL_Driver/Src/stm32f1xx_hal_rcc.o
                0x0000000008006970                HAL_RCC_GetHCLKFreq
 .text.HAL_RCC_GetPCLK1Freq
                0x0000000008006984       0x28 ./Drivers/STM32F1xx_HAL_Driver/Src/stm32f1xx_hal_rcc.o
                0x0000000008006984                HAL_RCC_GetPCLK1Freq
 .text.RCC_Delay
                0x00000000080069ac       0x3c ./Drivers/STM32F1xx_HAL_Driver/Src/stm32f1xx_hal_rcc.o
 .text.HAL_RCCEx_PeriphCLKConfig
                0x00000000080069e8      0x16c ./Drivers/STM32F1xx_HAL_Driver/Src/stm32f1xx_hal_rcc_ex.o
                0x00000000080069e8                HAL_RCCEx_PeriphCLKConfig
 .text.HAL_SD_Init
                0x0000000008006b54       0x60 ./Drivers/STM32F1xx_HAL_Driver/Src/stm32f1xx_hal_sd.o
                0x0000000008006b54                HAL_SD_Init
 .text.HAL_SD_InitCard
                0x0000000008006bb4      0x100 ./Drivers/STM32F1xx_HAL_Driver/Src/stm32f1xx_hal_sd.o
                0x0000000008006bb4                HAL_SD_InitCard
 .text.HAL_SD_ReadBlocks
                0x0000000008006cb4      0x3bc ./Drivers/STM32F1xx_HAL_Driver/Src/stm32f1xx_hal_sd.o
                0x0000000008006cb4                HAL_SD_ReadBlocks
 .text.HAL_SD_WriteBlocks
                0x0000000008007070      0x30c ./Drivers/STM32F1xx_HAL_Driver/Src/stm32f1xx_hal_sd.o
                0x0000000008007070                HAL_SD_WriteBlocks
 .text.HAL_SD_GetCardCSD
                0x000000000800737c      0x348 ./Drivers/STM32F1xx_HAL_Driver/Src/stm32f1xx_hal_sd.o
                0x000000000800737c                HAL_SD_GetCardCSD
 .text.HAL_SD_GetCardInfo
                0x00000000080076c4       0x56 ./Drivers/STM32F1xx_HAL_Driver/Src/stm32f1xx_hal_sd.o
                0x00000000080076c4                HAL_SD_GetCardInfo
 *fill*         0x000000000800771a        0x2 
 .text.HAL_SD_ConfigWideBusOperation
                0x000000000800771c      0x134 ./Drivers/STM32F1xx_HAL_Driver/Src/stm32f1xx_hal_sd.o
                0x000000000800771c                HAL_SD_ConfigWideBusOperation
 .text.HAL_SD_GetCardState
                0x0000000008007850       0x40 ./Drivers/STM32F1xx_HAL_Driver/Src/stm32f1xx_hal_sd.o
                0x0000000008007850                HAL_SD_GetCardState
 .text.SD_InitCard
                0x0000000008007890      0x19c ./Drivers/STM32F1xx_HAL_Driver/Src/stm32f1xx_hal_sd.o
 .text.SD_PowerON
                0x0000000008007a2c      0x11c ./Drivers/STM32F1xx_HAL_Driver/Src/stm32f1xx_hal_sd.o
 .text.SD_SendStatus
                0x0000000008007b48       0x50 ./Drivers/STM32F1xx_HAL_Driver/Src/stm32f1xx_hal_sd.o
 .text.SD_WideBus_Enable
                0x0000000008007b98       0x96 ./Drivers/STM32F1xx_HAL_Driver/Src/stm32f1xx_hal_sd.o
 .text.SD_WideBus_Disable
                0x0000000008007c2e       0x96 ./Drivers/STM32F1xx_HAL_Driver/Src/stm32f1xx_hal_sd.o
 .text.SD_FindSCR
                0x0000000008007cc4      0x1a6 ./Drivers/STM32F1xx_HAL_Driver/Src/stm32f1xx_hal_sd.o
 .text.HAL_SPI_Init
                0x0000000008007e6a      0x108 ./Drivers/STM32F1xx_HAL_Driver/Src/stm32f1xx_hal_spi.o
                0x0000000008007e6a                HAL_SPI_Init
 .text.HAL_SPI_Transmit
                0x0000000008007f72      0x286 ./Drivers/STM32F1xx_HAL_Driver/Src/stm32f1xx_hal_spi.o
                0x0000000008007f72                HAL_SPI_Transmit
 .text.SPI_WaitFlagStateUntilTimeout
                0x00000000080081f8      0x110 ./Drivers/STM32F1xx_HAL_Driver/Src/stm32f1xx_hal_spi.o
 .text.SPI_EndRxTxTransaction
                0x0000000008008308       0x3c ./Drivers/STM32F1xx_HAL_Driver/Src/stm32f1xx_hal_spi.o
 .text.HAL_TIM_Base_Init
                0x0000000008008344       0x9e ./Drivers/STM32F1xx_HAL_Driver/Src/stm32f1xx_hal_tim.o
                0x0000000008008344                HAL_TIM_Base_Init
 *fill*         0x00000000080083e2        0x2 
 .text.HAL_TIM_Base_Start_IT
                0x00000000080083e4       0xc0 ./Drivers/STM32F1xx_HAL_Driver/Src/stm32f1xx_hal_tim.o
                0x00000000080083e4                HAL_TIM_Base_Start_IT
 .text.HAL_TIM_IRQHandler
                0x00000000080084a4      0x210 ./Drivers/STM32F1xx_HAL_Driver/Src/stm32f1xx_hal_tim.o
                0x00000000080084a4                HAL_TIM_IRQHandler
 .text.HAL_TIM_ConfigClockSource
                0x00000000080086b4      0x18e ./Drivers/STM32F1xx_HAL_Driver/Src/stm32f1xx_hal_tim.o
                0x00000000080086b4                HAL_TIM_ConfigClockSource
 .text.HAL_TIM_SlaveConfigSynchro
                0x0000000008008842       0x84 ./Drivers/STM32F1xx_HAL_Driver/Src/stm32f1xx_hal_tim.o
                0x0000000008008842                HAL_TIM_SlaveConfigSynchro
 .text.HAL_TIM_OC_DelayElapsedCallback
                0x00000000080088c6       0x12 ./Drivers/STM32F1xx_HAL_Driver/Src/stm32f1xx_hal_tim.o
                0x00000000080088c6                HAL_TIM_OC_DelayElapsedCallback
 .text.HAL_TIM_IC_CaptureCallback
                0x00000000080088d8       0x12 ./Drivers/STM32F1xx_HAL_Driver/Src/stm32f1xx_hal_tim.o
                0x00000000080088d8                HAL_TIM_IC_CaptureCallback
 .text.HAL_TIM_PWM_PulseFinishedCallback
                0x00000000080088ea       0x12 ./Drivers/STM32F1xx_HAL_Driver/Src/stm32f1xx_hal_tim.o
                0x00000000080088ea                HAL_TIM_PWM_PulseFinishedCallback
 .text.HAL_TIM_TriggerCallback
                0x00000000080088fc       0x12 ./Drivers/STM32F1xx_HAL_Driver/Src/stm32f1xx_hal_tim.o
                0x00000000080088fc                HAL_TIM_TriggerCallback
 *fill*         0x000000000800890e        0x2 
 .text.TIM_Base_SetConfig
                0x0000000008008910       0xf4 ./Drivers/STM32F1xx_HAL_Driver/Src/stm32f1xx_hal_tim.o
                0x0000000008008910                TIM_Base_SetConfig
 .text.TIM_SlaveTimer_SetConfig
                0x0000000008008a04      0x122 ./Drivers/STM32F1xx_HAL_Driver/Src/stm32f1xx_hal_tim.o
 .text.TIM_TI1_ConfigInputStage
                0x0000000008008b26       0x5c ./Drivers/STM32F1xx_HAL_Driver/Src/stm32f1xx_hal_tim.o
 .text.TIM_TI2_ConfigInputStage
                0x0000000008008b82       0x5e ./Drivers/STM32F1xx_HAL_Driver/Src/stm32f1xx_hal_tim.o
 .text.TIM_ITRx_SetConfig
                0x0000000008008be0       0x34 ./Drivers/STM32F1xx_HAL_Driver/Src/stm32f1xx_hal_tim.o
 .text.TIM_ETR_SetConfig
                0x0000000008008c14       0x3e ./Drivers/STM32F1xx_HAL_Driver/Src/stm32f1xx_hal_tim.o
                0x0000000008008c14                TIM_ETR_SetConfig
 *fill*         0x0000000008008c52        0x2 
 .text.HAL_TIMEx_MasterConfigSynchronization
                0x0000000008008c54       0xd8 ./Drivers/STM32F1xx_HAL_Driver/Src/stm32f1xx_hal_tim_ex.o
                0x0000000008008c54                HAL_TIMEx_MasterConfigSynchronization
 .text.HAL_TIMEx_CommutCallback
                0x0000000008008d2c       0x12 ./Drivers/STM32F1xx_HAL_Driver/Src/stm32f1xx_hal_tim_ex.o
                0x0000000008008d2c                HAL_TIMEx_CommutCallback
 .text.HAL_TIMEx_BreakCallback
                0x0000000008008d3e       0x12 ./Drivers/STM32F1xx_HAL_Driver/Src/stm32f1xx_hal_tim_ex.o
                0x0000000008008d3e                HAL_TIMEx_BreakCallback
 .text.SDIO_Init
                0x0000000008008d50       0x54 ./Drivers/STM32F1xx_HAL_Driver/Src/stm32f1xx_ll_sdmmc.o
                0x0000000008008d50                SDIO_Init
 .text.SDIO_ReadFIFO
                0x0000000008008da4       0x18 ./Drivers/STM32F1xx_HAL_Driver/Src/stm32f1xx_ll_sdmmc.o
                0x0000000008008da4                SDIO_ReadFIFO
 .text.SDIO_WriteFIFO
                0x0000000008008dbc       0x20 ./Drivers/STM32F1xx_HAL_Driver/Src/stm32f1xx_ll_sdmmc.o
                0x0000000008008dbc                SDIO_WriteFIFO
 .text.SDIO_PowerState_ON
                0x0000000008008ddc       0x1a ./Drivers/STM32F1xx_HAL_Driver/Src/stm32f1xx_ll_sdmmc.o
                0x0000000008008ddc                SDIO_PowerState_ON
 .text.SDIO_GetPowerState
                0x0000000008008df6       0x1a ./Drivers/STM32F1xx_HAL_Driver/Src/stm32f1xx_ll_sdmmc.o
                0x0000000008008df6                SDIO_GetPowerState
 .text.SDIO_SendCommand
                0x0000000008008e10       0x52 ./Drivers/STM32F1xx_HAL_Driver/Src/stm32f1xx_ll_sdmmc.o
                0x0000000008008e10                SDIO_SendCommand
 .text.SDIO_GetCommandResponse
                0x0000000008008e62       0x18 ./Drivers/STM32F1xx_HAL_Driver/Src/stm32f1xx_ll_sdmmc.o
                0x0000000008008e62                SDIO_GetCommandResponse
 .text.SDIO_GetResponse
                0x0000000008008e7a       0x24 ./Drivers/STM32F1xx_HAL_Driver/Src/stm32f1xx_ll_sdmmc.o
                0x0000000008008e7a                SDIO_GetResponse
 .text.SDIO_ConfigData
                0x0000000008008e9e       0x56 ./Drivers/STM32F1xx_HAL_Driver/Src/stm32f1xx_ll_sdmmc.o
                0x0000000008008e9e                SDIO_ConfigData
 .text.SDMMC_CmdBlockLength
                0x0000000008008ef4       0x44 ./Drivers/STM32F1xx_HAL_Driver/Src/stm32f1xx_ll_sdmmc.o
                0x0000000008008ef4                SDMMC_CmdBlockLength
 .text.SDMMC_CmdReadSingleBlock
                0x0000000008008f38       0x44 ./Drivers/STM32F1xx_HAL_Driver/Src/stm32f1xx_ll_sdmmc.o
                0x0000000008008f38                SDMMC_CmdReadSingleBlock
 .text.SDMMC_CmdReadMultiBlock
                0x0000000008008f7c       0x44 ./Drivers/STM32F1xx_HAL_Driver/Src/stm32f1xx_ll_sdmmc.o
                0x0000000008008f7c                SDMMC_CmdReadMultiBlock
 .text.SDMMC_CmdWriteSingleBlock
                0x0000000008008fc0       0x44 ./Drivers/STM32F1xx_HAL_Driver/Src/stm32f1xx_ll_sdmmc.o
                0x0000000008008fc0                SDMMC_CmdWriteSingleBlock
 .text.SDMMC_CmdWriteMultiBlock
                0x0000000008009004       0x44 ./Drivers/STM32F1xx_HAL_Driver/Src/stm32f1xx_ll_sdmmc.o
                0x0000000008009004                SDMMC_CmdWriteMultiBlock
 .text.SDMMC_CmdStopTransfer
                0x0000000008009048       0x44 ./Drivers/STM32F1xx_HAL_Driver/Src/stm32f1xx_ll_sdmmc.o
                0x0000000008009048                SDMMC_CmdStopTransfer
 .text.SDMMC_CmdSelDesel
                0x000000000800908c       0x46 ./Drivers/STM32F1xx_HAL_Driver/Src/stm32f1xx_ll_sdmmc.o
                0x000000000800908c                SDMMC_CmdSelDesel
 .text.SDMMC_CmdGoIdleState
                0x00000000080090d2       0x3c ./Drivers/STM32F1xx_HAL_Driver/Src/stm32f1xx_ll_sdmmc.o
                0x00000000080090d2                SDMMC_CmdGoIdleState
 .text.SDMMC_CmdOperCond
                0x000000000800910e       0x3e ./Drivers/STM32F1xx_HAL_Driver/Src/stm32f1xx_ll_sdmmc.o
                0x000000000800910e                SDMMC_CmdOperCond
 .text.SDMMC_CmdAppCommand
                0x000000000800914c       0x44 ./Drivers/STM32F1xx_HAL_Driver/Src/stm32f1xx_ll_sdmmc.o
                0x000000000800914c                SDMMC_CmdAppCommand
 .text.SDMMC_CmdAppOperCommand
                0x0000000008009190       0x46 ./Drivers/STM32F1xx_HAL_Driver/Src/stm32f1xx_ll_sdmmc.o
                0x0000000008009190                SDMMC_CmdAppOperCommand
 .text.SDMMC_CmdBusWidth
                0x00000000080091d6       0x44 ./Drivers/STM32F1xx_HAL_Driver/Src/stm32f1xx_ll_sdmmc.o
                0x00000000080091d6                SDMMC_CmdBusWidth
 .text.SDMMC_CmdSendSCR
                0x000000000800921a       0x42 ./Drivers/STM32F1xx_HAL_Driver/Src/stm32f1xx_ll_sdmmc.o
                0x000000000800921a                SDMMC_CmdSendSCR
 .text.SDMMC_CmdSendCID
                0x000000000800925c       0x3c ./Drivers/STM32F1xx_HAL_Driver/Src/stm32f1xx_ll_sdmmc.o
                0x000000000800925c                SDMMC_CmdSendCID
 .text.SDMMC_CmdSendCSD
                0x0000000008009298       0x3e ./Drivers/STM32F1xx_HAL_Driver/Src/stm32f1xx_ll_sdmmc.o
                0x0000000008009298                SDMMC_CmdSendCSD
 .text.SDMMC_CmdSetRelAdd
                0x00000000080092d6       0x42 ./Drivers/STM32F1xx_HAL_Driver/Src/stm32f1xx_ll_sdmmc.o
                0x00000000080092d6                SDMMC_CmdSetRelAdd
 .text.SDMMC_CmdSendStatus
                0x0000000008009318       0x44 ./Drivers/STM32F1xx_HAL_Driver/Src/stm32f1xx_ll_sdmmc.o
                0x0000000008009318                SDMMC_CmdSendStatus
 .text.SDMMC_GetCmdResp1
                0x000000000800935c      0x1dc ./Drivers/STM32F1xx_HAL_Driver/Src/stm32f1xx_ll_sdmmc.o
                0x000000000800935c                SDMMC_GetCmdResp1
 .text.SDMMC_GetCmdResp2
                0x0000000008009538       0x90 ./Drivers/STM32F1xx_HAL_Driver/Src/stm32f1xx_ll_sdmmc.o
                0x0000000008009538                SDMMC_GetCmdResp2
 .text.SDMMC_GetCmdResp3
                0x00000000080095c8       0x78 ./Drivers/STM32F1xx_HAL_Driver/Src/stm32f1xx_ll_sdmmc.o
                0x00000000080095c8                SDMMC_GetCmdResp3
 .text.SDMMC_GetCmdResp6
                0x0000000008009640       0xec ./Drivers/STM32F1xx_HAL_Driver/Src/stm32f1xx_ll_sdmmc.o
                0x0000000008009640                SDMMC_GetCmdResp6
 .text.SDMMC_GetCmdResp7
                0x000000000800972c       0x9c ./Drivers/STM32F1xx_HAL_Driver/Src/stm32f1xx_ll_sdmmc.o
                0x000000000800972c                SDMMC_GetCmdResp7
 .text.SDMMC_GetCmdError
                0x00000000080097c8       0x54 ./Drivers/STM32F1xx_HAL_Driver/Src/stm32f1xx_ll_sdmmc.o
 .text.USB_CoreInit
                0x000000000800981c       0x20 ./Drivers/STM32F1xx_HAL_Driver/Src/stm32f1xx_ll_usb.o
                0x000000000800981c                USB_CoreInit
 .text.USB_EnableGlobalInt
                0x000000000800983c       0x2c ./Drivers/STM32F1xx_HAL_Driver/Src/stm32f1xx_ll_usb.o
                0x000000000800983c                USB_EnableGlobalInt
 .text.USB_DisableGlobalInt
                0x0000000008009868       0x34 ./Drivers/STM32F1xx_HAL_Driver/Src/stm32f1xx_ll_usb.o
                0x0000000008009868                USB_DisableGlobalInt
 .text.USB_SetCurrentMode
                0x000000000800989c       0x18 ./Drivers/STM32F1xx_HAL_Driver/Src/stm32f1xx_ll_usb.o
                0x000000000800989c                USB_SetCurrentMode
 .text.USB_DevInit
                0x00000000080098b4       0x40 ./Drivers/STM32F1xx_HAL_Driver/Src/stm32f1xx_ll_usb.o
                0x00000000080098b4                USB_DevInit
 .text.USB_ActivateEndpoint
                0x00000000080098f4      0x780 ./Drivers/STM32F1xx_HAL_Driver/Src/stm32f1xx_ll_usb.o
                0x00000000080098f4                USB_ActivateEndpoint
 .text.USB_DeactivateEndpoint
                0x000000000800a074      0x3d8 ./Drivers/STM32F1xx_HAL_Driver/Src/stm32f1xx_ll_usb.o
                0x000000000800a074                USB_DeactivateEndpoint
 .text.USB_EPStartXfer
                0x000000000800a44c     0x1762 ./Drivers/STM32F1xx_HAL_Driver/Src/stm32f1xx_ll_usb.o
                0x000000000800a44c                USB_EPStartXfer
 .text.USB_EPSetStall
                0x000000000800bbae       0xa0 ./Drivers/STM32F1xx_HAL_Driver/Src/stm32f1xx_ll_usb.o
                0x000000000800bbae                USB_EPSetStall
 .text.USB_EPClearStall
                0x000000000800bc4e      0x15a ./Drivers/STM32F1xx_HAL_Driver/Src/stm32f1xx_ll_usb.o
                0x000000000800bc4e                USB_EPClearStall
 .text.USB_SetDevAddress
                0x000000000800bda8       0x26 ./Drivers/STM32F1xx_HAL_Driver/Src/stm32f1xx_ll_usb.o
                0x000000000800bda8                USB_SetDevAddress
 .text.USB_DevConnect
                0x000000000800bdce       0x14 ./Drivers/STM32F1xx_HAL_Driver/Src/stm32f1xx_ll_usb.o
                0x000000000800bdce                USB_DevConnect
 .text.USB_DevDisconnect
                0x000000000800bde2       0x14 ./Drivers/STM32F1xx_HAL_Driver/Src/stm32f1xx_ll_usb.o
                0x000000000800bde2                USB_DevDisconnect
 .text.USB_ReadInterrupts
                0x000000000800bdf6       0x1e ./Drivers/STM32F1xx_HAL_Driver/Src/stm32f1xx_ll_usb.o
                0x000000000800bdf6                USB_ReadInterrupts
 .text.USB_EP0_OutStart
                0x000000000800be14       0x16 ./Drivers/STM32F1xx_HAL_Driver/Src/stm32f1xx_ll_usb.o
                0x000000000800be14                USB_EP0_OutStart
 .text.USB_WritePMA
                0x000000000800be2a       0x8a ./Drivers/STM32F1xx_HAL_Driver/Src/stm32f1xx_ll_usb.o
                0x000000000800be2a                USB_WritePMA
 .text.USB_ReadPMA
                0x000000000800beb4       0x9e ./Drivers/STM32F1xx_HAL_Driver/Src/stm32f1xx_ll_usb.o
                0x000000000800beb4                USB_ReadPMA
 *fill*         0x000000000800bf52        0x2 
 .text.MX_FATFS_Init
                0x000000000800bf54       0x24 ./FATFS/App/fatfs.o
                0x000000000800bf54                MX_FATFS_Init
 .text.get_fattime
                0x000000000800bf78        0xe ./FATFS/App/fatfs.o
                0x000000000800bf78                get_fattime
 *fill*         0x000000000800bf86        0x2 
 .text.BSP_SD_Init
                0x000000000800bf88       0x4c ./FATFS/Target/bsp_driver_sd.o
                0x000000000800bf88                BSP_SD_Init
 .text.BSP_SD_ReadBlocks
                0x000000000800bfd4       0x3c ./FATFS/Target/bsp_driver_sd.o
                0x000000000800bfd4                BSP_SD_ReadBlocks
 .text.BSP_SD_WriteBlocks
                0x000000000800c010       0x3c ./FATFS/Target/bsp_driver_sd.o
                0x000000000800c010                BSP_SD_WriteBlocks
 .text.BSP_SD_GetCardState
                0x000000000800c04c       0x20 ./FATFS/Target/bsp_driver_sd.o
                0x000000000800c04c                BSP_SD_GetCardState
 .text.BSP_SD_GetCardInfo
                0x000000000800c06c       0x1c ./FATFS/Target/bsp_driver_sd.o
                0x000000000800c06c                BSP_SD_GetCardInfo
 .text.BSP_SD_IsDetected
                0x000000000800c088       0x18 ./FATFS/Target/bsp_driver_sd.o
                0x000000000800c088                BSP_SD_IsDetected
 .text.USBD_HID_Init
                0x000000000800c0a0       0x4e ./Middlewares/ST/STM32_USB_Device_Library/Class/HID/Src/usbd_hid.o
 .text.USBD_HID_DeInit
                0x000000000800c0ee       0x42 ./Middlewares/ST/STM32_USB_Device_Library/Class/HID/Src/usbd_hid.o
 .text.USBD_HID_Setup
                0x000000000800c130      0x1fc ./Middlewares/ST/STM32_USB_Device_Library/Class/HID/Src/usbd_hid.o
 .text.USBD_HID_GetFSCfgDesc
                0x000000000800c32c       0x20 ./Middlewares/ST/STM32_USB_Device_Library/Class/HID/Src/usbd_hid.o
 .text.USBD_HID_GetHSCfgDesc
                0x000000000800c34c       0x20 ./Middlewares/ST/STM32_USB_Device_Library/Class/HID/Src/usbd_hid.o
 .text.USBD_HID_GetOtherSpeedCfgDesc
                0x000000000800c36c       0x20 ./Middlewares/ST/STM32_USB_Device_Library/Class/HID/Src/usbd_hid.o
 .text.USBD_HID_DataIn
                0x000000000800c38c       0x22 ./Middlewares/ST/STM32_USB_Device_Library/Class/HID/Src/usbd_hid.o
 *fill*         0x000000000800c3ae        0x2 
 .text.USBD_HID_GetDeviceQualifierDesc
                0x000000000800c3b0       0x20 ./Middlewares/ST/STM32_USB_Device_Library/Class/HID/Src/usbd_hid.o
 .text.USBD_Init
                0x000000000800c3d0       0x56 ./Middlewares/ST/STM32_USB_Device_Library/Core/Src/usbd_core.o
                0x000000000800c3d0                USBD_Init
 .text.USBD_RegisterClass
                0x000000000800c426       0x32 ./Middlewares/ST/STM32_USB_Device_Library/Core/Src/usbd_core.o
                0x000000000800c426                USBD_RegisterClass
 .text.USBD_Start
                0x000000000800c458       0x18 ./Middlewares/ST/STM32_USB_Device_Library/Core/Src/usbd_core.o
                0x000000000800c458                USBD_Start
 .text.USBD_RunTestMode
                0x000000000800c470       0x14 ./Middlewares/ST/STM32_USB_Device_Library/Core/Src/usbd_core.o
                0x000000000800c470                USBD_RunTestMode
 .text.USBD_SetClassConfig
                0x000000000800c484       0x3e ./Middlewares/ST/STM32_USB_Device_Library/Core/Src/usbd_core.o
                0x000000000800c484                USBD_SetClassConfig
 .text.USBD_ClrClassConfig
                0x000000000800c4c2       0x26 ./Middlewares/ST/STM32_USB_Device_Library/Core/Src/usbd_core.o
                0x000000000800c4c2                USBD_ClrClassConfig
 .text.USBD_LL_SetupStage
                0x000000000800c4e8       0x9a ./Middlewares/ST/STM32_USB_Device_Library/Core/Src/usbd_core.o
                0x000000000800c4e8                USBD_LL_SetupStage
 .text.USBD_LL_DataOutStage
                0x000000000800c582       0xe2 ./Middlewares/ST/STM32_USB_Device_Library/Core/Src/usbd_core.o
                0x000000000800c582                USBD_LL_DataOutStage
 .text.USBD_LL_DataInStage
                0x000000000800c664      0x14a ./Middlewares/ST/STM32_USB_Device_Library/Core/Src/usbd_core.o
                0x000000000800c664                USBD_LL_DataInStage
 .text.USBD_LL_Reset
                0x000000000800c7ae       0x82 ./Middlewares/ST/STM32_USB_Device_Library/Core/Src/usbd_core.o
                0x000000000800c7ae                USBD_LL_Reset
 .text.USBD_LL_SetSpeed
                0x000000000800c830       0x1e ./Middlewares/ST/STM32_USB_Device_Library/Core/Src/usbd_core.o
                0x000000000800c830                USBD_LL_SetSpeed
 .text.USBD_LL_Suspend
                0x000000000800c84e       0x28 ./Middlewares/ST/STM32_USB_Device_Library/Core/Src/usbd_core.o
                0x000000000800c84e                USBD_LL_Suspend
 .text.USBD_LL_Resume
                0x000000000800c876       0x2a ./Middlewares/ST/STM32_USB_Device_Library/Core/Src/usbd_core.o
                0x000000000800c876                USBD_LL_Resume
 .text.USBD_LL_SOF
                0x000000000800c8a0       0x34 ./Middlewares/ST/STM32_USB_Device_Library/Core/Src/usbd_core.o
                0x000000000800c8a0                USBD_LL_SOF
 .text.USBD_StdDevReq
                0x000000000800c8d4       0xd4 ./Middlewares/ST/STM32_USB_Device_Library/Core/Src/usbd_ctlreq.o
                0x000000000800c8d4                USBD_StdDevReq
 .text.USBD_StdItfReq
                0x000000000800c9a8       0x90 ./Middlewares/ST/STM32_USB_Device_Library/Core/Src/usbd_ctlreq.o
                0x000000000800c9a8                USBD_StdItfReq
 .text.USBD_StdEPReq
                0x000000000800ca38      0x2c6 ./Middlewares/ST/STM32_USB_Device_Library/Core/Src/usbd_ctlreq.o
                0x000000000800ca38                USBD_StdEPReq
 *fill*         0x000000000800ccfe        0x2 
 .text.USBD_GetDescriptor
                0x000000000800cd00      0x2d0 ./Middlewares/ST/STM32_USB_Device_Library/Core/Src/usbd_ctlreq.o
 .text.USBD_SetAddress
                0x000000000800cfd0       0x86 ./Middlewares/ST/STM32_USB_Device_Library/Core/Src/usbd_ctlreq.o
 *fill*         0x000000000800d056        0x2 
 .text.USBD_SetConfig
                0x000000000800d058      0x11c ./Middlewares/ST/STM32_USB_Device_Library/Core/Src/usbd_ctlreq.o
 .text.USBD_GetConfig
                0x000000000800d174       0x6a ./Middlewares/ST/STM32_USB_Device_Library/Core/Src/usbd_ctlreq.o
 .text.USBD_GetStatus
                0x000000000800d1de       0x66 ./Middlewares/ST/STM32_USB_Device_Library/Core/Src/usbd_ctlreq.o
 .text.USBD_SetFeature
                0x000000000800d244       0x28 ./Middlewares/ST/STM32_USB_Device_Library/Core/Src/usbd_ctlreq.o
 .text.USBD_ClrFeature
                0x000000000800d26c       0x42 ./Middlewares/ST/STM32_USB_Device_Library/Core/Src/usbd_ctlreq.o
 .text.USBD_ParseSetupRequest
                0x000000000800d2ae       0x78 ./Middlewares/ST/STM32_USB_Device_Library/Core/Src/usbd_ctlreq.o
                0x000000000800d2ae                USBD_ParseSetupRequest
 .text.USBD_CtlError
                0x000000000800d326       0x22 ./Middlewares/ST/STM32_USB_Device_Library/Core/Src/usbd_ctlreq.o
                0x000000000800d326                USBD_CtlError
 .text.USBD_GetString
                0x000000000800d348       0x84 ./Middlewares/ST/STM32_USB_Device_Library/Core/Src/usbd_ctlreq.o
                0x000000000800d348                USBD_GetString
 .text.USBD_GetLen
                0x000000000800d3cc       0x2e ./Middlewares/ST/STM32_USB_Device_Library/Core/Src/usbd_ctlreq.o
 .text.USBD_CtlSendData
                0x000000000800d3fa       0x38 ./Middlewares/ST/STM32_USB_Device_Library/Core/Src/usbd_ioreq.o
                0x000000000800d3fa                USBD_CtlSendData
 .text.USBD_CtlContinueSendData
                0x000000000800d432       0x24 ./Middlewares/ST/STM32_USB_Device_Library/Core/Src/usbd_ioreq.o
                0x000000000800d432                USBD_CtlContinueSendData
 .text.USBD_CtlContinueRx
                0x000000000800d456       0x24 ./Middlewares/ST/STM32_USB_Device_Library/Core/Src/usbd_ioreq.o
                0x000000000800d456                USBD_CtlContinueRx
 .text.USBD_CtlSendStatus
                0x000000000800d47a       0x26 ./Middlewares/ST/STM32_USB_Device_Library/Core/Src/usbd_ioreq.o
                0x000000000800d47a                USBD_CtlSendStatus
 .text.USBD_CtlReceiveStatus
                0x000000000800d4a0       0x26 ./Middlewares/ST/STM32_USB_Device_Library/Core/Src/usbd_ioreq.o
                0x000000000800d4a0                USBD_CtlReceiveStatus
 *fill*         0x000000000800d4c6        0x2 
 .text.disk_status
                0x000000000800d4c8       0x34 ./Middlewares/Third_Party/FatFs/src/diskio.o
                0x000000000800d4c8                disk_status
 .text.disk_initialize
                0x000000000800d4fc       0x4c ./Middlewares/Third_Party/FatFs/src/diskio.o
                0x000000000800d4fc                disk_initialize
 .text.disk_read
                0x000000000800d548       0x40 ./Middlewares/Third_Party/FatFs/src/diskio.o
                0x000000000800d548                disk_read
 .text.disk_write
                0x000000000800d588       0x40 ./Middlewares/Third_Party/FatFs/src/diskio.o
                0x000000000800d588                disk_write
 .text.disk_ioctl
                0x000000000800d5c8       0x3c ./Middlewares/Third_Party/FatFs/src/diskio.o
                0x000000000800d5c8                disk_ioctl
 .text.mem_cpy  0x000000000800d604       0x3c ./Middlewares/Third_Party/FatFs/src/ff.o
 .text.mem_set  0x000000000800d640       0x34 ./Middlewares/Third_Party/FatFs/src/ff.o
 .text.mem_cmp  0x000000000800d674       0x4c ./Middlewares/Third_Party/FatFs/src/ff.o
 .text.chk_chr  0x000000000800d6c0       0x34 ./Middlewares/Third_Party/FatFs/src/ff.o
 .text.chk_lock
                0x000000000800d6f4       0xd8 ./Middlewares/Third_Party/FatFs/src/ff.o
 .text.enq_lock
                0x000000000800d7cc       0x48 ./Middlewares/Third_Party/FatFs/src/ff.o
 .text.inc_lock
                0x000000000800d814      0x16c ./Middlewares/Third_Party/FatFs/src/ff.o
 .text.dec_lock
                0x000000000800d980       0x88 ./Middlewares/Third_Party/FatFs/src/ff.o
 .text.clear_lock
                0x000000000800da08       0x54 ./Middlewares/Third_Party/FatFs/src/ff.o
 .text.sync_window
                0x000000000800da5c       0x92 ./Middlewares/Third_Party/FatFs/src/ff.o
 .text.move_window
                0x000000000800daee       0x5c ./Middlewares/Third_Party/FatFs/src/ff.o
 .text.sync_fs  0x000000000800db4a      0x15a ./Middlewares/Third_Party/FatFs/src/ff.o
 .text.clust2sect
                0x000000000800dca4       0x42 ./Middlewares/Third_Party/FatFs/src/ff.o
                0x000000000800dca4                clust2sect
 .text.get_fat  0x000000000800dce6      0x174 ./Middlewares/Third_Party/FatFs/src/ff.o
                0x000000000800dce6                get_fat
 .text.put_fat  0x000000000800de5a      0x21c ./Middlewares/Third_Party/FatFs/src/ff.o
                0x000000000800de5a                put_fat
 .text.remove_chain
                0x000000000800e076       0xb4 ./Middlewares/Third_Party/FatFs/src/ff.o
 .text.create_chain
                0x000000000800e12a      0x13a ./Middlewares/Third_Party/FatFs/src/ff.o
 .text.clmt_clust
                0x000000000800e264       0x68 ./Middlewares/Third_Party/FatFs/src/ff.o
 .text.dir_sdi  0x000000000800e2cc      0x128 ./Middlewares/Third_Party/FatFs/src/ff.o
 .text.dir_next
                0x000000000800e3f4      0x1ee ./Middlewares/Third_Party/FatFs/src/ff.o
 .text.dir_alloc
                0x000000000800e5e2       0x94 ./Middlewares/Third_Party/FatFs/src/ff.o
 .text.ld_clust
                0x000000000800e676       0x5a ./Middlewares/Third_Party/FatFs/src/ff.o
 .text.st_clust
                0x000000000800e6d0       0x4c ./Middlewares/Third_Party/FatFs/src/ff.o
 .text.dir_find
                0x000000000800e71c       0x9e ./Middlewares/Third_Party/FatFs/src/ff.o
 .text.dir_register
                0x000000000800e7ba       0x72 ./Middlewares/Third_Party/FatFs/src/ff.o
 .text.create_name
                0x000000000800e82c      0x180 ./Middlewares/Third_Party/FatFs/src/ff.o
 .text.follow_path
                0x000000000800e9ac       0xdc ./Middlewares/Third_Party/FatFs/src/ff.o
 .text.get_ldnumber
                0x000000000800ea88       0x86 ./Middlewares/Third_Party/FatFs/src/ff.o
 *fill*         0x000000000800eb0e        0x2 
 .text.check_fs
                0x000000000800eb10       0xd4 ./Middlewares/Third_Party/FatFs/src/ff.o
 .text.find_volume
                0x000000000800ebe4      0x590 ./Middlewares/Third_Party/FatFs/src/ff.o
 .text.validate
                0x000000000800f174       0x66 ./Middlewares/Third_Party/FatFs/src/ff.o
 *fill*         0x000000000800f1da        0x2 
 .text.f_mount  0x000000000800f1dc       0x90 ./Middlewares/Third_Party/FatFs/src/ff.o
                0x000000000800f1dc                f_mount
 .text.f_open   0x000000000800f26c      0x4f2 ./Middlewares/Third_Party/FatFs/src/ff.o
                0x000000000800f26c                f_open
 .text.f_read   0x000000000800f75e      0x2d6 ./Middlewares/Third_Party/FatFs/src/ff.o
                0x000000000800f75e                f_read
 .text.f_write  0x000000000800fa34      0x35a ./Middlewares/Third_Party/FatFs/src/ff.o
                0x000000000800fa34                f_write
 .text.f_sync   0x000000000800fd8e      0x174 ./Middlewares/Third_Party/FatFs/src/ff.o
                0x000000000800fd8e                f_sync
 .text.f_close  0x000000000800ff02       0x50 ./Middlewares/Third_Party/FatFs/src/ff.o
                0x000000000800ff02                f_close
 *fill*         0x000000000800ff52        0x2 
 .text.FATFS_LinkDriverEx
                0x000000000800ff54       0x94 ./Middlewares/Third_Party/FatFs/src/ff_gen_drv.o
                0x000000000800ff54                FATFS_LinkDriverEx
 .text.FATFS_LinkDriver
                0x000000000800ffe8       0x1e ./Middlewares/Third_Party/FatFs/src/ff_gen_drv.o
                0x000000000800ffe8                FATFS_LinkDriver
 *fill*         0x0000000008010006        0x2 
 .text.SD_initialize
                0x0000000008010008       0x3c ./Middlewares/Third_Party/FatFs/src/drivers/sd_diskio.o
                0x0000000008010008                SD_initialize
 .text.SD_status
                0x0000000008010044       0x3c ./Middlewares/Third_Party/FatFs/src/drivers/sd_diskio.o
                0x0000000008010044                SD_status
 .text.SD_read  0x0000000008010080       0x5c ./Middlewares/Third_Party/FatFs/src/drivers/sd_diskio.o
                0x0000000008010080                SD_read
 .text.SD_write
                0x00000000080100dc       0x5c ./Middlewares/Third_Party/FatFs/src/drivers/sd_diskio.o
                0x00000000080100dc                SD_write
 .text.SD_ioctl
                0x0000000008010138       0xac ./Middlewares/Third_Party/FatFs/src/drivers/sd_diskio.o
                0x0000000008010138                SD_ioctl
 .text.MX_USB_DEVICE_Init
                0x00000000080101e4       0x4c ./USB_DEVICE/App/usb_device.o
                0x00000000080101e4                MX_USB_DEVICE_Init
 .text.USBD_FS_DeviceDescriptor
                0x0000000008010230       0x24 ./USB_DEVICE/App/usbd_desc.o
                0x0000000008010230                USBD_FS_DeviceDescriptor
 .text.USBD_FS_LangIDStrDescriptor
                0x0000000008010254       0x24 ./USB_DEVICE/App/usbd_desc.o
                0x0000000008010254                USBD_FS_LangIDStrDescriptor
 .text.USBD_FS_ProductStrDescriptor
                0x0000000008010278       0x3c ./USB_DEVICE/App/usbd_desc.o
                0x0000000008010278                USBD_FS_ProductStrDescriptor
 .text.USBD_FS_ManufacturerStrDescriptor
                0x00000000080102b4       0x28 ./USB_DEVICE/App/usbd_desc.o
                0x00000000080102b4                USBD_FS_ManufacturerStrDescriptor
 .text.USBD_FS_SerialStrDescriptor
                0x00000000080102dc       0x24 ./USB_DEVICE/App/usbd_desc.o
                0x00000000080102dc                USBD_FS_SerialStrDescriptor
 .text.USBD_FS_ConfigStrDescriptor
                0x0000000008010300       0x3c ./USB_DEVICE/App/usbd_desc.o
                0x0000000008010300                USBD_FS_ConfigStrDescriptor
 .text.USBD_FS_InterfaceStrDescriptor
                0x000000000801033c       0x3c ./USB_DEVICE/App/usbd_desc.o
                0x000000000801033c                USBD_FS_InterfaceStrDescriptor
 .text.Get_SerialNum
                0x0000000008010378       0x58 ./USB_DEVICE/App/usbd_desc.o
 .text.IntToUnicode
                0x00000000080103d0       0x7c ./USB_DEVICE/App/usbd_desc.o
 .text.HAL_PCD_MspInit
                0x000000000801044c       0x4c ./USB_DEVICE/Target/usbd_conf.o
                0x000000000801044c                HAL_PCD_MspInit
 .text.HAL_PCD_SetupStageCallback
                0x0000000008010498       0x24 ./USB_DEVICE/Target/usbd_conf.o
                0x0000000008010498                HAL_PCD_SetupStageCallback
 .text.HAL_PCD_DataOutStageCallback
                0x00000000080104bc       0x36 ./USB_DEVICE/Target/usbd_conf.o
                0x00000000080104bc                HAL_PCD_DataOutStageCallback
 .text.HAL_PCD_DataInStageCallback
                0x00000000080104f2       0x34 ./USB_DEVICE/Target/usbd_conf.o
                0x00000000080104f2                HAL_PCD_DataInStageCallback
 .text.HAL_PCD_SOFCallback
                0x0000000008010526       0x1c ./USB_DEVICE/Target/usbd_conf.o
                0x0000000008010526                HAL_PCD_SOFCallback
 .text.HAL_PCD_ResetCallback
                0x0000000008010542       0x3c ./USB_DEVICE/Target/usbd_conf.o
                0x0000000008010542                HAL_PCD_ResetCallback
 *fill*         0x000000000801057e        0x2 
 .text.HAL_PCD_SuspendCallback
                0x0000000008010580       0x34 ./USB_DEVICE/Target/usbd_conf.o
                0x0000000008010580                HAL_PCD_SuspendCallback
 .text.HAL_PCD_ResumeCallback
                0x00000000080105b4       0x1c ./USB_DEVICE/Target/usbd_conf.o
                0x00000000080105b4                HAL_PCD_ResumeCallback
 .text.USBD_LL_Init
                0x00000000080105d0       0x90 ./USB_DEVICE/Target/usbd_conf.o
                0x00000000080105d0                USBD_LL_Init
 .text.USBD_LL_Start
                0x0000000008010660       0x36 ./USB_DEVICE/Target/usbd_conf.o
                0x0000000008010660                USBD_LL_Start
 .text.USBD_LL_OpenEP
                0x0000000008010696       0x4c ./USB_DEVICE/Target/usbd_conf.o
                0x0000000008010696                USBD_LL_OpenEP
 .text.USBD_LL_CloseEP
                0x00000000080106e2       0x3e ./USB_DEVICE/Target/usbd_conf.o
                0x00000000080106e2                USBD_LL_CloseEP
 .text.USBD_LL_StallEP
                0x0000000008010720       0x3e ./USB_DEVICE/Target/usbd_conf.o
                0x0000000008010720                USBD_LL_StallEP
 .text.USBD_LL_ClearStallEP
                0x000000000801075e       0x3e ./USB_DEVICE/Target/usbd_conf.o
                0x000000000801075e                USBD_LL_ClearStallEP
 .text.USBD_LL_IsStallEP
                0x000000000801079c       0x58 ./USB_DEVICE/Target/usbd_conf.o
                0x000000000801079c                USBD_LL_IsStallEP
 .text.USBD_LL_SetUSBAddress
                0x00000000080107f4       0x3e ./USB_DEVICE/Target/usbd_conf.o
                0x00000000080107f4                USBD_LL_SetUSBAddress
 .text.USBD_LL_Transmit
                0x0000000008010832       0x46 ./USB_DEVICE/Target/usbd_conf.o
                0x0000000008010832                USBD_LL_Transmit
 .text.USBD_LL_PrepareReceive
                0x0000000008010878       0x46 ./USB_DEVICE/Target/usbd_conf.o
                0x0000000008010878                USBD_LL_PrepareReceive
 *fill*         0x00000000080108be        0x2 
 .text.USBD_static_malloc
                0x00000000080108c0       0x18 ./USB_DEVICE/Target/usbd_conf.o
                0x00000000080108c0                USBD_static_malloc
 .text.USBD_static_free
                0x00000000080108d8       0x12 ./USB_DEVICE/Target/usbd_conf.o
                0x00000000080108d8                USBD_static_free
 .text.HAL_PCDEx_SetConnectionState
                0x00000000080108ea       0x16 ./USB_DEVICE/Target/usbd_conf.o
                0x00000000080108ea                HAL_PCDEx_SetConnectionState
 .text.USBD_Get_USB_Status
                0x0000000008010900       0x58 ./USB_DEVICE/Target/usbd_conf.o
 .text.__errno  0x0000000008010958        0xc c:/st/stm32cubeide_1.10.1/stm32cubeide/plugins/com.st.stm32cube.ide.mcu.externaltools.gnu-tools-for-stm32.10.3-2021.10.win32_1.0.0.202111181127/tools/bin/../lib/gcc/arm-none-eabi/10.3.1/../../../../arm-none-eabi/lib/thumb/v7-m/nofp\libc_nano.a(lib_a-errno.o)
                0x0000000008010958                __errno
 .text.__libc_init_array
                0x0000000008010964       0x48 c:/st/stm32cubeide_1.10.1/stm32cubeide/plugins/com.st.stm32cube.ide.mcu.externaltools.gnu-tools-for-stm32.10.3-2021.10.win32_1.0.0.202111181127/tools/bin/../lib/gcc/arm-none-eabi/10.3.1/../../../../arm-none-eabi/lib/thumb/v7-m/nofp\libc_nano.a(lib_a-init.o)
                0x0000000008010964                __libc_init_array
 .text.malloc   0x00000000080109ac       0x10 c:/st/stm32cubeide_1.10.1/stm32cubeide/plugins/com.st.stm32cube.ide.mcu.externaltools.gnu-tools-for-stm32.10.3-2021.10.win32_1.0.0.202111181127/tools/bin/../lib/gcc/arm-none-eabi/10.3.1/../../../../arm-none-eabi/lib/thumb/v7-m/nofp\libc_nano.a(lib_a-malloc.o)
                0x00000000080109ac                malloc
 .text.free     0x00000000080109bc       0x10 c:/st/stm32cubeide_1.10.1/stm32cubeide/plugins/com.st.stm32cube.ide.mcu.externaltools.gnu-tools-for-stm32.10.3-2021.10.win32_1.0.0.202111181127/tools/bin/../lib/gcc/arm-none-eabi/10.3.1/../../../../arm-none-eabi/lib/thumb/v7-m/nofp\libc_nano.a(lib_a-malloc.o)
                0x00000000080109bc                free
 .text.memset   0x00000000080109cc       0x10 c:/st/stm32cubeide_1.10.1/stm32cubeide/plugins/com.st.stm32cube.ide.mcu.externaltools.gnu-tools-for-stm32.10.3-2021.10.win32_1.0.0.202111181127/tools/bin/../lib/gcc/arm-none-eabi/10.3.1/../../../../arm-none-eabi/lib/thumb/v7-m/nofp\libc_nano.a(lib_a-memset.o)
                0x00000000080109cc                memset
 .text._free_r  0x00000000080109dc       0x90 c:/st/stm32cubeide_1.10.1/stm32cubeide/plugins/com.st.stm32cube.ide.mcu.externaltools.gnu-tools-for-stm32.10.3-2021.10.win32_1.0.0.202111181127/tools/bin/../lib/gcc/arm-none-eabi/10.3.1/../../../../arm-none-eabi/lib/thumb/v7-m/nofp\libc_nano.a(lib_a-nano-freer.o)
                0x00000000080109dc                _free_r
 .text.sbrk_aligned
                0x0000000008010a6c       0x40 c:/st/stm32cubeide_1.10.1/stm32cubeide/plugins/com.st.stm32cube.ide.mcu.externaltools.gnu-tools-for-stm32.10.3-2021.10.win32_1.0.0.202111181127/tools/bin/../lib/gcc/arm-none-eabi/10.3.1/../../../../arm-none-eabi/lib/thumb/v7-m/nofp\libc_nano.a(lib_a-nano-mallocr.o)
 .text._malloc_r
                0x0000000008010aac       0xe8 c:/st/stm32cubeide_1.10.1/stm32cubeide/plugins/com.st.stm32cube.ide.mcu.externaltools.gnu-tools-for-stm32.10.3-2021.10.win32_1.0.0.202111181127/tools/bin/../lib/gcc/arm-none-eabi/10.3.1/../../../../arm-none-eabi/lib/thumb/v7-m/nofp\libc_nano.a(lib_a-nano-mallocr.o)
                0x0000000008010aac                _malloc_r
 .text.__cvt    0x0000000008010b94       0xbe c:/st/stm32cubeide_1.10.1/stm32cubeide/plugins/com.st.stm32cube.ide.mcu.externaltools.gnu-tools-for-stm32.10.3-2021.10.win32_1.0.0.202111181127/tools/bin/../lib/gcc/arm-none-eabi/10.3.1/../../../../arm-none-eabi/lib/thumb/v7-m/nofp\libc_nano.a(lib_a-nano-vfprintf_float.o)
                0x0000000008010b94                __cvt
 .text.__exponent
                0x0000000008010c52       0x7c c:/st/stm32cubeide_1.10.1/stm32cubeide/plugins/com.st.stm32cube.ide.mcu.externaltools.gnu-tools-for-stm32.10.3-2021.10.win32_1.0.0.202111181127/tools/bin/../lib/gcc/arm-none-eabi/10.3.1/../../../../arm-none-eabi/lib/thumb/v7-m/nofp\libc_nano.a(lib_a-nano-vfprintf_float.o)
                0x0000000008010c52                __exponent
 *fill*         0x0000000008010cce        0x2 
 .text._printf_float
                0x0000000008010cd0      0x458 c:/st/stm32cubeide_1.10.1/stm32cubeide/plugins/com.st.stm32cube.ide.mcu.externaltools.gnu-tools-for-stm32.10.3-2021.10.win32_1.0.0.202111181127/tools/bin/../lib/gcc/arm-none-eabi/10.3.1/../../../../arm-none-eabi/lib/thumb/v7-m/nofp\libc_nano.a(lib_a-nano-vfprintf_float.o)
                0x0000000008010cd0                _printf_float
 .text._printf_common
                0x0000000008011128       0xde c:/st/stm32cubeide_1.10.1/stm32cubeide/plugins/com.st.stm32cube.ide.mcu.externaltools.gnu-tools-for-stm32.10.3-2021.10.win32_1.0.0.202111181127/tools/bin/../lib/gcc/arm-none-eabi/10.3.1/../../../../arm-none-eabi/lib/thumb/v7-m/nofp\libc_nano.a(lib_a-nano-vfprintf_i.o)
                0x0000000008011128                _printf_common
 *fill*         0x0000000008011206        0x2 
 .text._printf_i
                0x0000000008011208      0x24c c:/st/stm32cubeide_1.10.1/stm32cubeide/plugins/com.st.stm32cube.ide.mcu.externaltools.gnu-tools-for-stm32.10.3-2021.10.win32_1.0.0.202111181127/tools/bin/../lib/gcc/arm-none-eabi/10.3.1/../../../../arm-none-eabi/lib/thumb/v7-m/nofp\libc_nano.a(lib_a-nano-vfprintf_i.o)
                0x0000000008011208                _printf_i
 .text._sbrk_r  0x0000000008011454       0x20 c:/st/stm32cubeide_1.10.1/stm32cubeide/plugins/com.st.stm32cube.ide.mcu.externaltools.gnu-tools-for-stm32.10.3-2021.10.win32_1.0.0.202111181127/tools/bin/../lib/gcc/arm-none-eabi/10.3.1/../../../../arm-none-eabi/lib/thumb/v7-m/nofp\libc_nano.a(lib_a-sbrkr.o)
                0x0000000008011454                _sbrk_r
 .text._vsnprintf_r
                0x0000000008011474       0x56 c:/st/stm32cubeide_1.10.1/stm32cubeide/plugins/com.st.stm32cube.ide.mcu.externaltools.gnu-tools-for-stm32.10.3-2021.10.win32_1.0.0.202111181127/tools/bin/../lib/gcc/arm-none-eabi/10.3.1/../../../../arm-none-eabi/lib/thumb/v7-m/nofp\libc_nano.a(lib_a-vsnprintf.o)
                0x0000000008011474                _vsniprintf_r
                0x0000000008011474                _vsnprintf_r
 *fill*         0x00000000080114ca        0x2 
 .text.vsnprintf
                0x00000000080114cc       0x1c c:/st/stm32cubeide_1.10.1/stm32cubeide/plugins/com.st.stm32cube.ide.mcu.externaltools.gnu-tools-for-stm32.10.3-2021.10.win32_1.0.0.202111181127/tools/bin/../lib/gcc/arm-none-eabi/10.3.1/../../../../arm-none-eabi/lib/thumb/v7-m/nofp\libc_nano.a(lib_a-vsnprintf.o)
                0x00000000080114cc                vsniprintf
                0x00000000080114cc                vsnprintf
 .text.quorem   0x00000000080114e8      0x118 c:/st/stm32cubeide_1.10.1/stm32cubeide/plugins/com.st.stm32cube.ide.mcu.externaltools.gnu-tools-for-stm32.10.3-2021.10.win32_1.0.0.202111181127/tools/bin/../lib/gcc/arm-none-eabi/10.3.1/../../../../arm-none-eabi/lib/thumb/v7-m/nofp\libc_nano.a(lib_a-dtoa.o)
 .text._dtoa_r  0x0000000008011600      0xbdc c:/st/stm32cubeide_1.10.1/stm32cubeide/plugins/com.st.stm32cube.ide.mcu.externaltools.gnu-tools-for-stm32.10.3-2021.10.win32_1.0.0.202111181127/tools/bin/../lib/gcc/arm-none-eabi/10.3.1/../../../../arm-none-eabi/lib/thumb/v7-m/nofp\libc_nano.a(lib_a-dtoa.o)
                0x0000000008011600                _dtoa_r
 .text._localeconv_r
                0x00000000080121dc        0x8 c:/st/stm32cubeide_1.10.1/stm32cubeide/plugins/com.st.stm32cube.ide.mcu.externaltools.gnu-tools-for-stm32.10.3-2021.10.win32_1.0.0.202111181127/tools/bin/../lib/gcc/arm-none-eabi/10.3.1/../../../../arm-none-eabi/lib/thumb/v7-m/nofp\libc_nano.a(lib_a-localeconv.o)
                0x00000000080121dc                _localeconv_r
 .text.memchr   0x00000000080121e4       0x1c c:/st/stm32cubeide_1.10.1/stm32cubeide/plugins/com.st.stm32cube.ide.mcu.externaltools.gnu-tools-for-stm32.10.3-2021.10.win32_1.0.0.202111181127/tools/bin/../lib/gcc/arm-none-eabi/10.3.1/../../../../arm-none-eabi/lib/thumb/v7-m/nofp\libc_nano.a(lib_a-memchr-stub.o)
                0x00000000080121e4                memchr
 .text.memcpy   0x0000000008012200       0x1c c:/st/stm32cubeide_1.10.1/stm32cubeide/plugins/com.st.stm32cube.ide.mcu.externaltools.gnu-tools-for-stm32.10.3-2021.10.win32_1.0.0.202111181127/tools/bin/../lib/gcc/arm-none-eabi/10.3.1/../../../../arm-none-eabi/lib/thumb/v7-m/nofp\libc_nano.a(lib_a-memcpy-stub.o)
                0x0000000008012200                memcpy
 .text.__malloc_lock
                0x000000000801221c        0xc c:/st/stm32cubeide_1.10.1/stm32cubeide/plugins/com.st.stm32cube.ide.mcu.externaltools.gnu-tools-for-stm32.10.3-2021.10.win32_1.0.0.202111181127/tools/bin/../lib/gcc/arm-none-eabi/10.3.1/../../../../arm-none-eabi/lib/thumb/v7-m/nofp\libc_nano.a(lib_a-mlock.o)
                0x000000000801221c                __malloc_lock
 .text.__malloc_unlock
                0x0000000008012228        0xc c:/st/stm32cubeide_1.10.1/stm32cubeide/plugins/com.st.stm32cube.ide.mcu.externaltools.gnu-tools-for-stm32.10.3-2021.10.win32_1.0.0.202111181127/tools/bin/../lib/gcc/arm-none-eabi/10.3.1/../../../../arm-none-eabi/lib/thumb/v7-m/nofp\libc_nano.a(lib_a-mlock.o)
                0x0000000008012228                __malloc_unlock
 .text._Balloc  0x0000000008012234       0x80 c:/st/stm32cubeide_1.10.1/stm32cubeide/plugins/com.st.stm32cube.ide.mcu.externaltools.gnu-tools-for-stm32.10.3-2021.10.win32_1.0.0.202111181127/tools/bin/../lib/gcc/arm-none-eabi/10.3.1/../../../../arm-none-eabi/lib/thumb/v7-m/nofp\libc_nano.a(lib_a-mprec.o)
                0x0000000008012234                _Balloc
 .text._Bfree   0x00000000080122b4       0x44 c:/st/stm32cubeide_1.10.1/stm32cubeide/plugins/com.st.stm32cube.ide.mcu.externaltools.gnu-tools-for-stm32.10.3-2021.10.win32_1.0.0.202111181127/tools/bin/../lib/gcc/arm-none-eabi/10.3.1/../../../../arm-none-eabi/lib/thumb/v7-m/nofp\libc_nano.a(lib_a-mprec.o)
                0x00000000080122b4                _Bfree
 .text.__multadd
                0x00000000080122f8       0x8c c:/st/stm32cubeide_1.10.1/stm32cubeide/plugins/com.st.stm32cube.ide.mcu.externaltools.gnu-tools-for-stm32.10.3-2021.10.win32_1.0.0.202111181127/tools/bin/../lib/gcc/arm-none-eabi/10.3.1/../../../../arm-none-eabi/lib/thumb/v7-m/nofp\libc_nano.a(lib_a-mprec.o)
                0x00000000080122f8                __multadd
 .text.__hi0bits
                0x0000000008012384       0x40 c:/st/stm32cubeide_1.10.1/stm32cubeide/plugins/com.st.stm32cube.ide.mcu.externaltools.gnu-tools-for-stm32.10.3-2021.10.win32_1.0.0.202111181127/tools/bin/../lib/gcc/arm-none-eabi/10.3.1/../../../../arm-none-eabi/lib/thumb/v7-m/nofp\libc_nano.a(lib_a-mprec.o)
                0x0000000008012384                __hi0bits
 .text.__lo0bits
                0x00000000080123c4       0x5a c:/st/stm32cubeide_1.10.1/stm32cubeide/plugins/com.st.stm32cube.ide.mcu.externaltools.gnu-tools-for-stm32.10.3-2021.10.win32_1.0.0.202111181127/tools/bin/../lib/gcc/arm-none-eabi/10.3.1/../../../../arm-none-eabi/lib/thumb/v7-m/nofp\libc_nano.a(lib_a-mprec.o)
                0x00000000080123c4                __lo0bits
 *fill*         0x000000000801241e        0x2 
 .text.__i2b    0x0000000008012420       0x2c c:/st/stm32cubeide_1.10.1/stm32cubeide/plugins/com.st.stm32cube.ide.mcu.externaltools.gnu-tools-for-stm32.10.3-2021.10.win32_1.0.0.202111181127/tools/bin/../lib/gcc/arm-none-eabi/10.3.1/../../../../arm-none-eabi/lib/thumb/v7-m/nofp\libc_nano.a(lib_a-mprec.o)
                0x0000000008012420                __i2b
 .text.__multiply
                0x000000000801244c      0x150 c:/st/stm32cubeide_1.10.1/stm32cubeide/plugins/com.st.stm32cube.ide.mcu.externaltools.gnu-tools-for-stm32.10.3-2021.10.win32_1.0.0.202111181127/tools/bin/../lib/gcc/arm-none-eabi/10.3.1/../../../../arm-none-eabi/lib/thumb/v7-m/nofp\libc_nano.a(lib_a-mprec.o)
                0x000000000801244c                __multiply
 .text.__pow5mult
                0x000000000801259c       0xb4 c:/st/stm32cubeide_1.10.1/stm32cubeide/plugins/com.st.stm32cube.ide.mcu.externaltools.gnu-tools-for-stm32.10.3-2021.10.win32_1.0.0.202111181127/tools/bin/../lib/gcc/arm-none-eabi/10.3.1/../../../../arm-none-eabi/lib/thumb/v7-m/nofp\libc_nano.a(lib_a-mprec.o)
                0x000000000801259c                __pow5mult
 .text.__lshift
                0x0000000008012650       0xe0 c:/st/stm32cubeide_1.10.1/stm32cubeide/plugins/com.st.stm32cube.ide.mcu.externaltools.gnu-tools-for-stm32.10.3-2021.10.win32_1.0.0.202111181127/tools/bin/../lib/gcc/arm-none-eabi/10.3.1/../../../../arm-none-eabi/lib/thumb/v7-m/nofp\libc_nano.a(lib_a-mprec.o)
                0x0000000008012650                __lshift
 .text.__mcmp   0x0000000008012730       0x36 c:/st/stm32cubeide_1.10.1/stm32cubeide/plugins/com.st.stm32cube.ide.mcu.externaltools.gnu-tools-for-stm32.10.3-2021.10.win32_1.0.0.202111181127/tools/bin/../lib/gcc/arm-none-eabi/10.3.1/../../../../arm-none-eabi/lib/thumb/v7-m/nofp\libc_nano.a(lib_a-mprec.o)
                0x0000000008012730                __mcmp
 *fill*         0x0000000008012766        0x2 
 .text.__mdiff  0x0000000008012768      0x118 c:/st/stm32cubeide_1.10.1/stm32cubeide/plugins/com.st.stm32cube.ide.mcu.externaltools.gnu-tools-for-stm32.10.3-2021.10.win32_1.0.0.202111181127/tools/bin/../lib/gcc/arm-none-eabi/10.3.1/../../../../arm-none-eabi/lib/thumb/v7-m/nofp\libc_nano.a(lib_a-mprec.o)
                0x0000000008012768                __mdiff
 .text.__d2b    0x0000000008012880       0xb8 c:/st/stm32cubeide_1.10.1/stm32cubeide/plugins/com.st.stm32cube.ide.mcu.externaltools.gnu-tools-for-stm32.10.3-2021.10.win32_1.0.0.202111181127/tools/bin/../lib/gcc/arm-none-eabi/10.3.1/../../../../arm-none-eabi/lib/thumb/v7-m/nofp\libc_nano.a(lib_a-mprec.o)
                0x0000000008012880                __d2b
 .text._calloc_r
                0x0000000008012938       0x28 c:/st/stm32cubeide_1.10.1/stm32cubeide/plugins/com.st.stm32cube.ide.mcu.externaltools.gnu-tools-for-stm32.10.3-2021.10.win32_1.0.0.202111181127/tools/bin/../lib/gcc/arm-none-eabi/10.3.1/../../../../arm-none-eabi/lib/thumb/v7-m/nofp\libc_nano.a(lib_a-nano-callocr.o)
                0x0000000008012938                _calloc_r
 .text.__ssputs_r
                0x0000000008012960       0xb6 c:/st/stm32cubeide_1.10.1/stm32cubeide/plugins/com.st.stm32cube.ide.mcu.externaltools.gnu-tools-for-stm32.10.3-2021.10.win32_1.0.0.202111181127/tools/bin/../lib/gcc/arm-none-eabi/10.3.1/../../../../arm-none-eabi/lib/thumb/v7-m/nofp\libc_nano.a(lib_a-nano-svfprintf.o)
                0x0000000008012960                __ssputs_r
 *fill*         0x0000000008012a16        0x2 
 .text._svfprintf_r
                0x0000000008012a18      0x200 c:/st/stm32cubeide_1.10.1/stm32cubeide/plugins/com.st.stm32cube.ide.mcu.externaltools.gnu-tools-for-stm32.10.3-2021.10.win32_1.0.0.202111181127/tools/bin/../lib/gcc/arm-none-eabi/10.3.1/../../../../arm-none-eabi/lib/thumb/v7-m/nofp\libc_nano.a(lib_a-nano-svfprintf.o)
                0x0000000008012a18                _svfiprintf_r
                0x0000000008012a18                _svfprintf_r
 .text.__assert_func
                0x0000000008012c18       0x3c c:/st/stm32cubeide_1.10.1/stm32cubeide/plugins/com.st.stm32cube.ide.mcu.externaltools.gnu-tools-for-stm32.10.3-2021.10.win32_1.0.0.202111181127/tools/bin/../lib/gcc/arm-none-eabi/10.3.1/../../../../arm-none-eabi/lib/thumb/v7-m/nofp\libc_nano.a(lib_a-assert.o)
                0x0000000008012c18                __assert_func
 .text.fprintf  0x0000000008012c54       0x24 c:/st/stm32cubeide_1.10.1/stm32cubeide/plugins/com.st.stm32cube.ide.mcu.externaltools.gnu-tools-for-stm32.10.3-2021.10.win32_1.0.0.202111181127/tools/bin/../lib/gcc/arm-none-eabi/10.3.1/../../../../arm-none-eabi/lib/thumb/v7-m/nofp\libc_nano.a(lib_a-fprintf.o)
                0x0000000008012c54                fiprintf
                0x0000000008012c54                fprintf
 .text.__retarget_lock_init_recursive
                0x0000000008012c78        0x2 c:/st/stm32cubeide_1.10.1/stm32cubeide/plugins/com.st.stm32cube.ide.mcu.externaltools.gnu-tools-for-stm32.10.3-2021.10.win32_1.0.0.202111181127/tools/bin/../lib/gcc/arm-none-eabi/10.3.1/../../../../arm-none-eabi/lib/thumb/v7-m/nofp\libc_nano.a(lib_a-lock.o)
                0x0000000008012c78                __retarget_lock_init_recursive
 .text.__retarget_lock_acquire_recursive
                0x0000000008012c7a        0x2 c:/st/stm32cubeide_1.10.1/stm32cubeide/plugins/com.st.stm32cube.ide.mcu.externaltools.gnu-tools-for-stm32.10.3-2021.10.win32_1.0.0.202111181127/tools/bin/../lib/gcc/arm-none-eabi/10.3.1/../../../../arm-none-eabi/lib/thumb/v7-m/nofp\libc_nano.a(lib_a-lock.o)
                0x0000000008012c7a                __retarget_lock_acquire_recursive
 .text.__retarget_lock_release_recursive
                0x0000000008012c7c        0x2 c:/st/stm32cubeide_1.10.1/stm32cubeide/plugins/com.st.stm32cube.ide.mcu.externaltools.gnu-tools-for-stm32.10.3-2021.10.win32_1.0.0.202111181127/tools/bin/../lib/gcc/arm-none-eabi/10.3.1/../../../../arm-none-eabi/lib/thumb/v7-m/nofp\libc_nano.a(lib_a-lock.o)
                0x0000000008012c7c                __retarget_lock_release_recursive
 .text.__ascii_mbtowc
                0x0000000008012c7e       0x24 c:/st/stm32cubeide_1.10.1/stm32cubeide/plugins/com.st.stm32cube.ide.mcu.externaltools.gnu-tools-for-stm32.10.3-2021.10.win32_1.0.0.202111181127/tools/bin/../lib/gcc/arm-none-eabi/10.3.1/../../../../arm-none-eabi/lib/thumb/v7-m/nofp\libc_nano.a(lib_a-mbtowc_r.o)
                0x0000000008012c7e                __ascii_mbtowc
 .text.memmove  0x0000000008012ca2       0x34 c:/st/stm32cubeide_1.10.1/stm32cubeide/plugins/com.st.stm32cube.ide.mcu.externaltools.gnu-tools-for-stm32.10.3-2021.10.win32_1.0.0.202111181127/tools/bin/../lib/gcc/arm-none-eabi/10.3.1/../../../../arm-none-eabi/lib/thumb/v7-m/nofp\libc_nano.a(lib_a-memmove.o)
                0x0000000008012ca2                memmove
 .text._realloc_r
                0x0000000008012cd6       0x5e c:/st/stm32cubeide_1.10.1/stm32cubeide/plugins/com.st.stm32cube.ide.mcu.externaltools.gnu-tools-for-stm32.10.3-2021.10.win32_1.0.0.202111181127/tools/bin/../lib/gcc/arm-none-eabi/10.3.1/../../../../arm-none-eabi/lib/thumb/v7-m/nofp\libc_nano.a(lib_a-nano-reallocr.o)
                0x0000000008012cd6                _realloc_r
 .text.__sfputc_r
                0x0000000008012d34       0x2a c:/st/stm32cubeide_1.10.1/stm32cubeide/plugins/com.st.stm32cube.ide.mcu.externaltools.gnu-tools-for-stm32.10.3-2021.10.win32_1.0.0.202111181127/tools/bin/../lib/gcc/arm-none-eabi/10.3.1/../../../../arm-none-eabi/lib/thumb/v7-m/nofp\libc_nano.a(lib_a-nano-vfprintf.o)
 .text.__sfputs_r
                0x0000000008012d5e       0x24 c:/st/stm32cubeide_1.10.1/stm32cubeide/plugins/com.st.stm32cube.ide.mcu.externaltools.gnu-tools-for-stm32.10.3-2021.10.win32_1.0.0.202111181127/tools/bin/../lib/gcc/arm-none-eabi/10.3.1/../../../../arm-none-eabi/lib/thumb/v7-m/nofp\libc_nano.a(lib_a-nano-vfprintf.o)
                0x0000000008012d5e                __sfputs_r
 *fill*         0x0000000008012d82        0x2 
 .text._vfprintf_r
                0x0000000008012d84      0x260 c:/st/stm32cubeide_1.10.1/stm32cubeide/plugins/com.st.stm32cube.ide.mcu.externaltools.gnu-tools-for-stm32.10.3-2021.10.win32_1.0.0.202111181127/tools/bin/../lib/gcc/arm-none-eabi/10.3.1/../../../../arm-none-eabi/lib/thumb/v7-m/nofp\libc_nano.a(lib_a-nano-vfprintf.o)
                0x0000000008012d84                _vfprintf_r
                0x0000000008012d84                _vfiprintf_r
 .text.__swbuf_r
                0x0000000008012fe4       0xa4 c:/st/stm32cubeide_1.10.1/stm32cubeide/plugins/com.st.stm32cube.ide.mcu.externaltools.gnu-tools-for-stm32.10.3-2021.10.win32_1.0.0.202111181127/tools/bin/../lib/gcc/arm-none-eabi/10.3.1/../../../../arm-none-eabi/lib/thumb/v7-m/nofp\libc_nano.a(lib_a-wbuf.o)
                0x0000000008012fe4                __swbuf_r
 .text.__ascii_wctomb
                0x0000000008013088       0x1a c:/st/stm32cubeide_1.10.1/stm32cubeide/plugins/com.st.stm32cube.ide.mcu.externaltools.gnu-tools-for-stm32.10.3-2021.10.win32_1.0.0.202111181127/tools/bin/../lib/gcc/arm-none-eabi/10.3.1/../../../../arm-none-eabi/lib/thumb/v7-m/nofp\libc_nano.a(lib_a-wctomb_r.o)
                0x0000000008013088                __ascii_wctomb
 *fill*         0x00000000080130a2        0x2 
 .text.__swsetup_r
                0x00000000080130a4       0xdc c:/st/stm32cubeide_1.10.1/stm32cubeide/plugins/com.st.stm32cube.ide.mcu.externaltools.gnu-tools-for-stm32.10.3-2021.10.win32_1.0.0.202111181127/tools/bin/../lib/gcc/arm-none-eabi/10.3.1/../../../../arm-none-eabi/lib/thumb/v7-m/nofp\libc_nano.a(lib_a-wsetup.o)