../Core/Src/lcd.c:14:20:ILI9341_Send_Command	16	static
../Core/Src/lcd.c:20:20:ILI9341_Send_Data	16	static
../Core/Src/lcd.c:32:6:ILI9341_Init	8	static
../Core/Src/lcd.c:167:13:ILI9341_SPI_Init	8	static
../Core/Src/lcd.c:186:6:ILI9341_SPI_Send	16	static
../Core/Src/lcd.c:191:6:ILI9341_SPI_SendU16	16	static
../Core/Src/lcd.c:196:6:ILI9341_SPI_Send_Multiple	16	static
../Core/Src/lcd.c:201:6:ILI9341_Reset	8	static
../Core/Src/lcd.c:211:6:ILI9341_Set_Rotation	16	static
../Core/Src/lcd.c:237:6:ILI9341_SPI_Send_32	16	static
../Core/Src/lcd.c:250:6:ILI9341_Set_Address	32	static
../Core/Src/lcd.c:266:20:LCD_Write_Data	16	static
../Core/Src/lcd.c:274:6:LCD_OpenWindow	24	static
../Core/Src/lcd.c:279:6:LCD_FillWindow	40	static
../Core/Src/lcd.c:312:6:LCD_DrawFilledRectangle	24	static
../Core/Src/lcd.c:320:6:LCD_FillScreen	24	static
../Core/Src/lcd.c:326:6:LCD_DrawLine	64	static
../Core/Src/lcd.c:395:6:LCD_DrawChar	32	static
../Core/Src/lcd.c:429:6:LCD_DrawDot	16	static
../Core/Src/lcd.c:442:6:LCD_DrawEllipse	56	static
../Core/Src/lcd.c:474:6:LCD_DrawString	16	static
../Core/Src/lcd.c:501:6:LCD_DrawFormattedString	64	static
../Core/Src/lcd.c:515:6:LCD_Print	64	static
