../Core/Src/lcd.c:19:6:ILI9341_Init	8	static
../Core/Src/lcd.c:154:13:ILI9341_SPI_Init	8	static
../Core/Src/lcd.c:173:6:ILI9341_SPI_Send	16	static
../Core/Src/lcd.c:178:6:ILI9341_SPI_Send_Multiple	16	static
../Core/Src/lcd.c:183:6:ILI9341_SPI_Send_Image	24	static
../Core/Src/lcd.c:208:6:ILI9341_Reset	8	static
../Core/Src/lcd.c:218:6:ILI9341_Set_Rotation	16	static
../Core/Src/lcd.c:244:6:ILI9341_SPI_Send_32	16	static
../Core/Src/lcd.c:257:6:ILI9341_Set_Address	32	static
../Core/Src/lcd.c:269:6:ILI9341_Fill_Screen	16	static
../Core/Src/lcd.c:275:6:ILI9341_Draw_Pixel	24	static
../Core/Src/lcd.c:289:6:ILI9341_Draw_Filled_Rectangle	24	static
../Core/Src/lcd.c:295:6:ILI9341_Draw_Empty_Rectangle	32	static
../Core/Src/lcd.c:303:6:ILI9341_Draw_Line	56	static
../Core/Src/lcd.c:351:6:ILI9341_Draw_Circle	72	static
../Core/Src/lcd.c:436:6:ILI9341_Draw_String	32	static
../Core/Src/lcd.c:470:13:ILI9341_Send_Command	16	static
../Core/Src/lcd.c:475:13:ILI9341_Send_Data	16	static
../Core/Src/lcd.c:480:13:ILI9341_Send_Burst	24	static
../Core/Src/lcd.c:536:6:ILI9341_Draw_Double_Pixel	24	static
../Core/Src/lcd.c:550:13:ILI9341_Draw_Char	32	static
../Core/Src/lcd.c:602:13:Before_Sending_Data	8	static
../Core/Src/lcd.c:607:13:Before_Sending_Command	8	static
