../Core/Src/main.c:125:6:HAL_TIM_PeriodElapsedCallback	16	static
../Core/Src/main.c:138:6:HAL_GPIO_EXTI_Callback	24	static
../Core/Src/main.c:200:5:main	96	static
../Core/Src/main.c:331:6:SystemClock_Config	96	static
../Core/Src/main.c:379:13:MX_ADC1_Init	24	static
../Core/Src/main.c:453:13:MX_DAC_Init	16	static
../Core/Src/main.c:500:13:MX_I2C1_Init	8	static
../Core/Src/main.c:534:13:MX_SDIO_SD_Init	4	static
../Core/Src/main.c:562:13:MX_SPI2_Init	8	static
../Core/Src/main.c:600:13:MX_TIM2_Init	32	static
../Core/Src/main.c:645:13:MX_TIM3_Init	32	static
../Core/Src/main.c:690:13:MX_TIM4_Init	40	static
../Core/Src/main.c:734:13:MX_DMA_Init	16	static
../Core/Src/main.c:759:13:MX_GPIO_Init	48	static
../Core/Src/main.c:839:6:Error_Handler	4	static,ignoring_inline_asm
