../Core/Inc/drum.h:60:20:DrumUpdate	16	static
../Core/Src/main.c:106:6:HAL_TIM_PeriodElapsedCallback	24	static
../Core/Src/main.c:175:5:main	728	static
../Core/Src/main.c:338:6:SystemClock_Config	96	static
../Core/Src/main.c:386:13:MX_ADC1_Init	24	static
../Core/Src/main.c:460:13:MX_SDIO_SD_Init	4	static
../Core/Src/main.c:488:13:MX_SPI2_Init	8	static
../Core/Src/main.c:526:13:MX_TIM3_Init	32	static
../Core/Src/main.c:569:13:MX_DMA_Init	16	static
../Core/Src/main.c:587:13:MX_GPIO_Init	48	static
../Core/Src/main.c:648:6:Error_Handler	4	static,ignoring_inline_asm
