../Core/Src/stm32f1xx_it.c:77:6:NMI_Handler	4	static
../Core/Src/stm32f1xx_it.c:92:6:HardFault_Handler	4	static
../Core/Src/stm32f1xx_it.c:107:6:MemManage_Handler	4	static
../Core/Src/stm32f1xx_it.c:122:6:BusFault_Handler	4	static
../Core/Src/stm32f1xx_it.c:137:6:UsageFault_Handler	4	static
../Core/Src/stm32f1xx_it.c:152:6:DebugMon_Handler	4	static
../Core/Src/stm32f1xx_it.c:165:6:SysTick_Handler	8	static
../Core/Src/stm32f1xx_it.c:194:6:EXTI0_IRQHandler	8	static
../Core/Src/stm32f1xx_it.c:208:6:EXTI1_IRQHandler	8	static
../Core/Src/stm32f1xx_it.c:222:6:EXTI2_IRQHandler	8	static
../Core/Src/stm32f1xx_it.c:236:6:EXTI3_IRQHandler	8	static
../Core/Src/stm32f1xx_it.c:250:6:DMA1_Channel1_IRQHandler	8	static
../Core/Src/stm32f1xx_it.c:264:6:USB_LP_CAN1_RX0_IRQHandler	8	static
../Core/Src/stm32f1xx_it.c:278:6:TIM3_IRQHandler	8	static
../Core/Src/stm32f1xx_it.c:292:6:TIM4_IRQHandler	8	static
../Core/Src/stm32f1xx_it.c:306:6:USART1_IRQHandler	8	static
../Core/Src/stm32f1xx_it.c:320:6:DMA2_Channel3_IRQHandler	8	static
../Core/Src/stm32f1xx_it.c:334:6:DMA2_Channel4_5_IRQHandler	8	static
